Internal ctest changing into directory: /home/wyf/code_dev/.worktrees/hundun-flow-product-recovery-accept-20260908/build-accept
UpdateCTestConfiguration  from :/home/wyf/code_dev/.worktrees/hundun-flow-product-recovery-accept-20260908/build-accept/DartConfiguration.tcl
UpdateCTestConfiguration  from :/home/wyf/code_dev/.worktrees/hundun-flow-product-recovery-accept-20260908/build-accept/DartConfiguration.tcl
Test project /home/wyf/code_dev/.worktrees/hundun-flow-product-recovery-accept-20260908/build-accept
Constructing a list of tests
Done constructing a list of tests
Updating test list for fixtures
Added 0 tests to meet fixture requirements
Checking test dependency graph...
Checking test dependency graph end
test 31
      Start  31: v04_solver_observation_cli

31: Test command: /usr/bin/python3.6 "/home/wyf/code_dev/.worktrees/hundun-flow-product-recovery-accept-20260908/versions/v0.4/tests/integration/solver_observe_cli_test.py" "/home/wyf/code_dev/.worktrees/hundun-flow-product-recovery-accept-20260908/tools/v04_solver_observe.py"
31: Working Directory: /home/wyf/code_dev/.worktrees/hundun-flow-product-recovery-accept-20260908/build-accept/versions/v0.4/tests
31: Test timeout computed to be: 30
31: streamed CLI traced peak bytes (8/2048 steps): [2852649, 3882569]
31: solver observation CLI PASS (88 checks: frozen ranks/range, source identity, corruption, partial, streaming)
 1/31 Test  #31: v04_solver_observation_cli ................   Passed    4.17 sec
test 32
      Start  32: v04_solver_mg_observation_cli

32: Test command: /usr/bin/python3.6 "/home/wyf/code_dev/.worktrees/hundun-flow-product-recovery-accept-20260908/versions/v0.4/tests/integration/solver_observe_mg_cli_test.py" "/home/wyf/code_dev/.worktrees/hundun-flow-product-recovery-accept-20260908/tools/v04_solver_observe.py"
32: Working Directory: /home/wyf/code_dev/.worktrees/hundun-flow-product-recovery-accept-20260908/build-accept/versions/v0.4/tests
32: Test timeout computed to be: 30
32: MG observer synthetic ledger, details, partial and 33 rejection checks PASS
 2/31 Test  #32: v04_solver_mg_observation_cli .............   Passed    1.58 sec
test 33
      Start  33: v04_solver_fgmres_observation_cli

33: Test command: /usr/bin/python3.6 "/home/wyf/code_dev/.worktrees/hundun-flow-product-recovery-accept-20260908/versions/v0.4/tests/integration/solver_observe_recovery_cli_test.py" "/home/wyf/code_dev/.worktrees/hundun-flow-product-recovery-accept-20260908/tools/v04_solver_observe.py"
33: Working Directory: /home/wyf/code_dev/.worktrees/hundun-flow-product-recovery-accept-20260908/build-accept/versions/v0.4/tests
33: Test timeout computed to be: 30
33: V6 FGMRES observer: 28 rejection checks, independent work sums, optional MG, unsupported algorithm, partial whole-step output, streaming and source immutability PASS
 3/31 Test  #33: v04_solver_fgmres_observation_cli .........   Passed    1.42 sec
test 39
      Start  39: v04_runner_fgmres_log_completion_mpi_2

39: Test command: /usr/bin/python3.6 "/home/wyf/code_dev/.worktrees/hundun-flow-product-recovery-accept-20260908/versions/v0.4/tests/integration/runner_log_close_cli_test.py" "--binary" "/home/wyf/code_dev/.worktrees/hundun-flow-product-recovery-accept-20260908/build-accept/versions/v0.4/v04_thin_domain_runner" "--probe" "/home/wyf/code_dev/.worktrees/hundun-flow-product-recovery-accept-20260908/build-accept/versions/v0.4/tests/libv04_runner_log_failure_probe.so" "--mpi" "/usr/bin/mpiexec" "--ranks" "2" "--fgmres-only"
39: Working Directory: /home/wyf/code_dev/.worktrees/hundun-flow-product-recovery-accept-20260908/build-accept/versions/v0.4/tests
39: Test timeout computed to be: 120
39: baseline-off returncode=0 rank_exits=[[0, 2, 1, 0, 0], [0, 0, 0, 0, 0]]
39: disabled-observer returncode=0 rank_exits=[[0, 0, 0, 0, 0], [0, 0, 0, 0, 0]]
39: baseline-0 returncode=0 rank_exits=[[0, 2, 1, 0, 0], [0, 0, 0, 0, 0]]
39: close-0-5 returncode=6 rank_exits=[[6, 2, 1, 0, 1], [6, 0, 0, 0, 0]]
39: flush-0-5 returncode=6 rank_exits=[[6, 2, 1, 1, 0], [6, 0, 0, 0, 0]]
39: close-0-28 returncode=6 rank_exits=[[6, 2, 1, 0, 1], [6, 0, 0, 0, 0]]
39: flush-0-28 returncode=6 rank_exits=[[6, 2, 1, 1, 0], [6, 0, 0, 0, 0]]
39: first-error-0 returncode=6 rank_exits=[[6, 2, 1, 1, 1], [6, 0, 0, 0, 0]]
39: baseline-1 returncode=0 rank_exits=[[0, 0, 0, 0, 0], [0, 2, 1, 0, 0]]
39: close-1-5 returncode=6 rank_exits=[[6, 0, 0, 0, 0], [6, 2, 1, 0, 1]]
39: flush-1-5 returncode=6 rank_exits=[[6, 0, 0, 0, 0], [6, 2, 1, 1, 0]]
39: close-1-28 returncode=6 rank_exits=[[6, 0, 0, 0, 0], [6, 2, 1, 0, 1]]
39: flush-1-28 returncode=6 rank_exits=[[6, 0, 0, 0, 0], [6, 2, 1, 1, 0]]
39: first-error-1 returncode=6 rank_exits=[[6, 0, 0, 0, 0], [6, 2, 1, 1, 1]]
 4/31 Test  #39: v04_runner_fgmres_log_completion_mpi_2 ....   Passed   29.94 sec
test 42
      Start  42: v04_app_restart_policy_cli_mpi_1

42: Test command: /usr/bin/python3.6 "/home/wyf/code_dev/.worktrees/hundun-flow-product-recovery-accept-20260908/versions/v0.4/tests/integration/app_restart_policy_cli_test.py" "--binary" "/home/wyf/code_dev/.worktrees/hundun-flow-product-recovery-accept-20260908/build-accept/versions/v0.4/hundun" "--mpi" "/usr/bin/mpiexec" "--ranks" "1"
42: Working Directory: /home/wyf/code_dev/.worktrees/hundun-flow-product-recovery-accept-20260908/build-accept/versions/v0.4/tests
42: Test timeout computed to be: 120
42: PASS ordinary CLI history chain ranks=1
 5/31 Test  #42: v04_app_restart_policy_cli_mpi_1 ..........   Passed   26.06 sec
test 44
      Start  44: v04_app_restart_policy_cli_mpi_2

44: Test command: /usr/bin/python3.6 "/home/wyf/code_dev/.worktrees/hundun-flow-product-recovery-accept-20260908/versions/v0.4/tests/integration/app_restart_policy_cli_test.py" "--binary" "/home/wyf/code_dev/.worktrees/hundun-flow-product-recovery-accept-20260908/build-accept/versions/v0.4/hundun" "--mpi" "/usr/bin/mpiexec" "--ranks" "2"
44: Working Directory: /home/wyf/code_dev/.worktrees/hundun-flow-product-recovery-accept-20260908/build-accept/versions/v0.4/tests
44: Test timeout computed to be: 120
44: PASS ordinary CLI history chain ranks=2
 6/31 Test  #44: v04_app_restart_policy_cli_mpi_2 ..........   Passed   23.94 sec
test 46
      Start  46: v04_app_restart_policy_cli_mpi_4

46: Test command: /usr/bin/python3.6 "/home/wyf/code_dev/.worktrees/hundun-flow-product-recovery-accept-20260908/versions/v0.4/tests/integration/app_restart_policy_cli_test.py" "--binary" "/home/wyf/code_dev/.worktrees/hundun-flow-product-recovery-accept-20260908/build-accept/versions/v0.4/hundun" "--mpi" "/usr/bin/mpiexec" "--ranks" "4"
46: Working Directory: /home/wyf/code_dev/.worktrees/hundun-flow-product-recovery-accept-20260908/build-accept/versions/v0.4/tests
46: Test timeout computed to be: 120
46: PASS ordinary CLI history chain ranks=4
 7/31 Test  #46: v04_app_restart_policy_cli_mpi_4 ..........   Passed    8.53 sec
test 50
      Start  50: v04_runner_fgmres_recovery_mpi_1

50: Test command: /usr/bin/python3.6 "/home/wyf/code_dev/.worktrees/hundun-flow-product-recovery-accept-20260908/versions/v0.4/tests/integration/runner_mg_profile_cli_test.py" "--binary" "/home/wyf/code_dev/.worktrees/hundun-flow-product-recovery-accept-20260908/build-accept/versions/v0.4/v04_thin_domain_runner" "--mpi" "/usr/bin/mpiexec" "--ranks" "1" "--fgmres-recovery"
50: Working Directory: /home/wyf/code_dev/.worktrees/hundun-flow-product-recovery-accept-20260908/build-accept/versions/v0.4/tests
50: Test timeout computed to be: 180
50: FGMRES CLI on ranks=1 Arnoldi=6 complete/checkpoint parity PASS
50: FGMRES CLI recovery-only ranks=1 Arnoldi=6 complete/checkpoint parity PASS
50: BiCGStab CLI ranks=1 A+M=20 unavailable recovery/checkpoint parity PASS
50: MG CLI ranks=1 steps=2 apply_attempts=[6] layout/loop/level identities, observer, checkpoint parity and cold flag contract PASS output=/tmp/hundun-mg-cli-s3pz7sxr/audit
 8/31 Test  #50: v04_runner_fgmres_recovery_mpi_1 ..........   Passed   18.25 sec
test 51
      Start  51: v04_runner_statistics_epoch_mpi_1

51: Test command: /usr/bin/python3.6 "/home/wyf/code_dev/.worktrees/hundun-flow-product-recovery-accept-20260908/versions/v0.4/tests/integration/runner_statistics_epoch_test.py" "--binary" "/home/wyf/code_dev/.worktrees/hundun-flow-product-recovery-accept-20260908/build-accept/versions/v0.4/v04_thin_domain_runner" "--mpi" "/usr/bin/mpiexec" "--ranks" "1"
51: Working Directory: /home/wyf/code_dev/.worktrees/hundun-flow-product-recovery-accept-20260908/build-accept/versions/v0.4/tests
51: Test timeout computed to be: 180
51: epoch source_samples=2 exact_samples=4 method_start_samples=0 method_end_samples=0
51: PASS runner statistics epoch ranks=1 source_readonly=true
 9/31 Test  #51: v04_runner_statistics_epoch_mpi_1 .........   Passed   14.50 sec
test 53
      Start  53: v04_runner_fgmres_recovery_mpi_2

53: Test command: /usr/bin/python3.6 "/home/wyf/code_dev/.worktrees/hundun-flow-product-recovery-accept-20260908/versions/v0.4/tests/integration/runner_mg_profile_cli_test.py" "--binary" "/home/wyf/code_dev/.worktrees/hundun-flow-product-recovery-accept-20260908/build-accept/versions/v0.4/v04_thin_domain_runner" "--mpi" "/usr/bin/mpiexec" "--ranks" "2" "--fgmres-recovery"
53: Working Directory: /home/wyf/code_dev/.worktrees/hundun-flow-product-recovery-accept-20260908/build-accept/versions/v0.4/tests
53: Test timeout computed to be: 180
53: FGMRES CLI on ranks=2 Arnoldi=12 complete/checkpoint parity PASS
53: FGMRES CLI recovery-only ranks=2 Arnoldi=12 complete/checkpoint parity PASS
53: BiCGStab CLI ranks=2 A+M=40 unavailable recovery/checkpoint parity PASS
53: MG CLI ranks=2 steps=2 apply_attempts=[6, 6] layout/loop/level identities, observer, checkpoint parity and cold flag contract PASS output=/tmp/hundun-mg-cli-ff_sy36z/audit
10/31 Test  #53: v04_runner_fgmres_recovery_mpi_2 ..........   Passed   18.38 sec
test 54
      Start  54: v04_runner_statistics_epoch_mpi_2

54: Test command: /usr/bin/python3.6 "/home/wyf/code_dev/.worktrees/hundun-flow-product-recovery-accept-20260908/versions/v0.4/tests/integration/runner_statistics_epoch_test.py" "--binary" "/home/wyf/code_dev/.worktrees/hundun-flow-product-recovery-accept-20260908/build-accept/versions/v0.4/v04_thin_domain_runner" "--mpi" "/usr/bin/mpiexec" "--ranks" "2"
54: Working Directory: /home/wyf/code_dev/.worktrees/hundun-flow-product-recovery-accept-20260908/build-accept/versions/v0.4/tests
54: Test timeout computed to be: 180
54: epoch source_samples=2 exact_samples=4 method_start_samples=0 method_end_samples=0
54: PASS runner statistics epoch ranks=2 source_readonly=true
11/31 Test  #54: v04_runner_statistics_epoch_mpi_2 .........   Passed   13.13 sec
test 56
      Start  56: v04_runner_fgmres_recovery_mpi_4

56: Test command: /usr/bin/python3.6 "/home/wyf/code_dev/.worktrees/hundun-flow-product-recovery-accept-20260908/versions/v0.4/tests/integration/runner_mg_profile_cli_test.py" "--binary" "/home/wyf/code_dev/.worktrees/hundun-flow-product-recovery-accept-20260908/build-accept/versions/v0.4/v04_thin_domain_runner" "--mpi" "/usr/bin/mpiexec" "--ranks" "4" "--fgmres-recovery"
56: Working Directory: /home/wyf/code_dev/.worktrees/hundun-flow-product-recovery-accept-20260908/build-accept/versions/v0.4/tests
56: Test timeout computed to be: 180
56: FGMRES CLI on ranks=4 Arnoldi=24 complete/checkpoint parity PASS
56: FGMRES CLI recovery-only ranks=4 Arnoldi=24 complete/checkpoint parity PASS
56: BiCGStab CLI ranks=4 A+M=80 unavailable recovery/checkpoint parity PASS
56: MG CLI ranks=4 steps=2 apply_attempts=[6, 6, 6, 6] layout/loop/level identities, observer, checkpoint parity and cold flag contract PASS output=/tmp/hundun-mg-cli-6tt6aw50/audit
12/31 Test  #56: v04_runner_fgmres_recovery_mpi_4 ..........   Passed    9.75 sec
test 57
      Start  57: v04_runner_statistics_epoch_mpi_4

57: Test command: /usr/bin/python3.6 "/home/wyf/code_dev/.worktrees/hundun-flow-product-recovery-accept-20260908/versions/v0.4/tests/integration/runner_statistics_epoch_test.py" "--binary" "/home/wyf/code_dev/.worktrees/hundun-flow-product-recovery-accept-20260908/build-accept/versions/v0.4/v04_thin_domain_runner" "--mpi" "/usr/bin/mpiexec" "--ranks" "4"
57: Working Directory: /home/wyf/code_dev/.worktrees/hundun-flow-product-recovery-accept-20260908/build-accept/versions/v0.4/tests
57: Test timeout computed to be: 180
57: epoch source_samples=2 exact_samples=4 method_start_samples=0 method_end_samples=0
57: PASS runner statistics epoch ranks=4 source_readonly=true
13/31 Test  #57: v04_runner_statistics_epoch_mpi_4 .........   Passed   11.05 sec
test 157
      Start 157: v04_solver_piso_authority

157: Test command: /home/wyf/code_dev/.worktrees/hundun-flow-product-recovery-accept-20260908/build-accept/versions/v0.4/tests/v04_solver_piso_authority_test
157: Working Directory: /home/wyf/code_dev/.worktrees/hundun-flow-product-recovery-accept-20260908/build-accept/versions/v0.4/tests
157: Test timeout computed to be: 60
157: full-refresh missing norms C_p/C_h/E_p/E_h=0.0937906/0.111995/47181.7/56306.3
157: full-refresh epsilon=0.0008 mismatch-relative-error Cp/Ch/Ep/Eh=0.000265431/5.74242e-07/0.000264915/7.68262e-09
157: full-refresh epsilon=0.0004 mismatch-relative-error Cp/Ch/Ep/Eh=6.63579e-05/1.43563e-07/6.62287e-05/1.92189e-09
157: full-refresh epsilon=0.0002 mismatch-relative-error Cp/Ch/Ep/Eh=1.65894e-05/3.59891e-08/1.65572e-05/4.9303e-10
157: full-refresh epsilon=0.0001 mismatch-relative-error Cp/Ch/Ep/Eh=4.14744e-06/8.91984e-09/4.13935e-06/2.43101e-10
157: full-refresh epsilon=5e-05 mismatch-relative-error Cp/Ch/Ep/Eh=1.03696e-06/2.16322e-09/1.03477e-06/4.71275e-10
157: full-refresh epsilon=2.5e-05 mismatch-relative-error Cp/Ch/Ep/Eh=2.58735e-07/1.09038e-09/2.58715e-07/8.23565e-10
157: full-refresh finest norms fd Cp/Ch/Ep/Eh=8065.99/3.51183/4.0492e+09/316.222 frozen=8065.99/3.51005/4.0492e+09/56514.7 mismatch=0.0937906/0.111995/47181.7/56306.3
157: full-refresh mixed mismatch-relative-error C/E=5.30333e-07/1.66135e-07
157: full-refresh C2 byte-copy equal=1 face-FD-norm=0
14/31 Test #157: v04_solver_piso_authority .................   Passed    0.87 sec
test 166
      Start 166: v04_solver_piso_mutation

166: Test command: /home/wyf/code_dev/.worktrees/hundun-flow-product-recovery-accept-20260908/build-accept/versions/v0.4/tests/v04_solver_piso_mutation_test
166: Working Directory: /home/wyf/code_dev/.worktrees/hundun-flow-product-recovery-accept-20260908/build-accept/versions/v0.4/tests
166: Test timeout computed to be: 60
15/31 Test #166: v04_solver_piso_mutation ..................   Passed    0.30 sec
test 167
      Start 167: v04_solver_piso_checkerboard

167: Test command: /home/wyf/code_dev/.worktrees/hundun-flow-product-recovery-accept-20260908/build-accept/versions/v0.4/tests/v04_solver_piso_checkerboard_test
167: Working Directory: /home/wyf/code_dev/.worktrees/hundun-flow-product-recovery-accept-20260908/build-accept/versions/v0.4/tests
167: Test timeout computed to be: 60
16/31 Test #167: v04_solver_piso_checkerboard ..............   Passed    0.29 sec
test 168
      Start 168: v04_solver_piso_checkerboard_mpi_2

168: Test command: /usr/bin/mpiexec "-n" "2" "/home/wyf/code_dev/.worktrees/hundun-flow-product-recovery-accept-20260908/build-accept/versions/v0.4/tests/v04_solver_piso_checkerboard_test"
168: Working Directory: /home/wyf/code_dev/.worktrees/hundun-flow-product-recovery-accept-20260908/build-accept/versions/v0.4/tests
168: Test timeout computed to be: 60
17/31 Test #168: v04_solver_piso_checkerboard_mpi_2 ........   Passed    0.29 sec
test 169
      Start 169: v04_solver_piso_checkerboard_mpi_4

169: Test command: /usr/bin/mpiexec "-n" "4" "/home/wyf/code_dev/.worktrees/hundun-flow-product-recovery-accept-20260908/build-accept/versions/v0.4/tests/v04_solver_piso_checkerboard_test"
169: Working Directory: /home/wyf/code_dev/.worktrees/hundun-flow-product-recovery-accept-20260908/build-accept/versions/v0.4/tests
169: Test timeout computed to be: 60
18/31 Test #169: v04_solver_piso_checkerboard_mpi_4 ........   Passed    0.31 sec
test 170
      Start 170: v04_solver_piso_temporal_order

170: Test command: /home/wyf/code_dev/.worktrees/hundun-flow-product-recovery-accept-20260908/build-accept/versions/v0.4/tests/v04_solver_piso_temporal_order_test
170: Working Directory: /home/wyf/code_dev/.worktrees/hundun-flow-product-recovery-accept-20260908/build-accept/versions/v0.4/tests
170: Test timeout computed to be: 60
19/31 Test #170: v04_solver_piso_temporal_order ............   Passed    0.33 sec
test 179
      Start 179: v04_solver_piso_mpi_1

179: Test command: /usr/bin/mpiexec "-n" "1" "/home/wyf/code_dev/.worktrees/hundun-flow-product-recovery-accept-20260908/build-accept/versions/v0.4/tests/v04_solver_piso_mpi_test"
179: Working Directory: /home/wyf/code_dev/.worktrees/hundun-flow-product-recovery-accept-20260908/build-accept/versions/v0.4/tests
179: Test timeout computed to be: 180
20/31 Test #179: v04_solver_piso_mpi_1 .....................   Passed    0.47 sec
test 180
      Start 180: v04_solver_piso_mpi_2

180: Test command: /usr/bin/mpiexec "-n" "2" "/home/wyf/code_dev/.worktrees/hundun-flow-product-recovery-accept-20260908/build-accept/versions/v0.4/tests/v04_solver_piso_mpi_test"
180: Working Directory: /home/wyf/code_dev/.worktrees/hundun-flow-product-recovery-accept-20260908/build-accept/versions/v0.4/tests
180: Test timeout computed to be: 180
21/31 Test #180: v04_solver_piso_mpi_2 .....................   Passed    0.41 sec
test 181
      Start 181: v04_solver_piso_mpi_4

181: Test command: /usr/bin/mpiexec "-n" "4" "/home/wyf/code_dev/.worktrees/hundun-flow-product-recovery-accept-20260908/build-accept/versions/v0.4/tests/v04_solver_piso_mpi_test"
181: Working Directory: /home/wyf/code_dev/.worktrees/hundun-flow-product-recovery-accept-20260908/build-accept/versions/v0.4/tests
181: Test timeout computed to be: 180
22/31 Test #181: v04_solver_piso_mpi_4 .....................   Passed    0.38 sec
test 261
      Start 261: v04_product_pressure_energy_retry_mpi_1

261: Test command: /usr/bin/mpiexec "-n" "1" "/home/wyf/code_dev/.worktrees/hundun-flow-product-recovery-accept-20260908/build-accept/versions/v0.4/tests/v04_product_pressure_energy_retry_mpi_test"
261: Working Directory: /home/wyf/code_dev/.worktrees/hundun-flow-product-recovery-accept-20260908/build-accept/versions/v0.4/tests
261: Test timeout computed to be: 180
261: candidate-work baseline=14 extrapolation=0 ladder=322 incomplete=280 rejected_extrapolations=0
261: refinement status=0/0 accepted/attempts=1/1 calls/term=12/1 trajectory=14 terminal=0/2.3243278908338169e-14/1.0460406810870782e-10/0/2.4294555600856023e-32 early-exit=2/1
261: full-probe U/k/h=0.0030000000000000001/1.6249999999999999e-05/200933.24368773258:200934.24368773249:200935.24368773249 status=6/10210 stage=54 attempts/accepted=1/0 diag-corrector/select/commit=2/1/0 first-admissible=20 dp/dh=1.8714286467246095e-08/5.4073846732826095e-05 terminal=0/0/0/0/0 refinement=12/2 rollback=1
261: retry-observation loops=14,2 dt/outcome_bound=1 mg-profile=1 mg-applies=70/85
261: retry/control first status=0/0,0/0 attempts=2/1 origin=3/1 dt=0.0044999999999999997/0.0044999999999999997 same=1 terminal1=0/5.6994396657825053e-15/5.2306640959063825e-11/0/0 second same=1 bdf=2/2 terminal2=1.2580836701012501e-16/1.5225052333350336e-12/2.7310788077790582e-11/0/5.2384613495099614e-28
261: retry-exhaustion outcome=6/10210 stop=455 attempts=2 mg-contract=1 mg-profile-bytes=200/4664
261: recovery-observation bytes=96 solve-report=360 attempt-capacity=14 step-loop-capacity=64
261: candidate-loop i=0 extrapolated_alpha=0 complete=0 selected_extrapolation=0 rejected=0 ladder=1 selected_alpha=1
261: candidate-loop i=1 extrapolated_alpha=0 complete=0 selected_extrapolation=0 rejected=0 ladder=1 selected_alpha=1
261: candidate-loop i=2 extrapolated_alpha=1.0001450080592753 complete=1 selected_extrapolation=1 rejected=0 ladder=0 selected_alpha=1.0001450080592753
261: warm-candidate-work status=0/0 baseline=3 extrapolation=1 ladder=2 incomplete=0 rejected_extrapolations=0
261: candidate-loop i=0 extrapolated_alpha=0 complete=0 selected_extrapolation=0 rejected=0 ladder=1 selected_alpha=1
261: candidate-loop i=1 extrapolated_alpha=0 complete=0 selected_extrapolation=0 rejected=0 ladder=1 selected_alpha=1
261: candidate-loop i=2 extrapolated_alpha=1.0060974987792746 complete=1 selected_extrapolation=1 rejected=0 ladder=0 selected_alpha=1.0060974987792746
261: candidate-loop i=3 extrapolated_alpha=1.025122322581465 complete=1 selected_extrapolation=1 rejected=0 ladder=0 selected_alpha=1.025122322581465
261: candidate-loop i=4 extrapolated_alpha=1.0580625257236693 complete=1 selected_extrapolation=1 rejected=0 ladder=0 selected_alpha=1.0580625257236693
261: candidate-loop i=5 extrapolated_alpha=1.1292512753606125 complete=1 selected_extrapolation=1 rejected=0 ladder=0 selected_alpha=1.1292512753606125
261: candidate-loop i=6 extrapolated_alpha=1.3042045678460812 complete=1 selected_extrapolation=1 rejected=0 ladder=0 selected_alpha=1.3042045678460812
261: candidate-loop i=7 extrapolated_alpha=1.8891962098200208 complete=1 selected_extrapolation=1 rejected=0 ladder=0 selected_alpha=1.8891962098200208
261: candidate-loop i=8 extrapolated_alpha=2 complete=1 selected_extrapolation=0 rejected=1 ladder=1 selected_alpha=1
261: candidate-loop i=9 extrapolated_alpha=1.0040868971907759 complete=1 selected_extrapolation=1 rejected=0 ladder=0 selected_alpha=1.0040868971907759
261: warm-candidate-work status=0/0 baseline=10 extrapolation=8 ladder=3 incomplete=0 rejected_extrapolations=1
23/31 Test #261: v04_product_pressure_energy_retry_mpi_1 ...   Passed    1.15 sec
test 262
      Start 262: v04_product_pressure_energy_retry_mpi_2

262: Test command: /usr/bin/mpiexec "-n" "2" "/home/wyf/code_dev/.worktrees/hundun-flow-product-recovery-accept-20260908/build-accept/versions/v0.4/tests/v04_product_pressure_energy_retry_mpi_test"
262: Working Directory: /home/wyf/code_dev/.worktrees/hundun-flow-product-recovery-accept-20260908/build-accept/versions/v0.4/tests
262: Test timeout computed to be: 180
262: candidate-work baseline=14 extrapolation=0 ladder=322 incomplete=280 rejected_extrapolations=0
262: refinement status=0/0 accepted/attempts=1/1 calls/term=12/1 trajectory=14 terminal=0/2.3243278908215706e-14/1.0460406810870792e-10/0/1.2687156813780412e-31 early-exit=2/1
262: full-probe U/k/h=0.0030000000000000001/1.6249999999999999e-05/200933.24368773258:200934.24368773249:200935.24368773249 status=6/10210 stage=54 attempts/accepted=1/0 diag-corrector/select/commit=2/1/0 first-admissible=20 dp/dh=1.8714285355697616e-08/5.4073846728786893e-05 terminal=0/0/0/0/0 refinement=12/2 rollback=1
262: retry-observation loops=14,2 dt/outcome_bound=1 mg-profile=1 mg-applies=90/108
262: retry/control first status=0/0,0/0 attempts=2/1 origin=3/1 dt=0.0044999999999999997/0.0044999999999999997 same=1 terminal1=0/5.6994396657825053e-15/5.2306640959063825e-11/0/0 second same=1 bdf=2/2 terminal2=1.2580836701012501e-16/1.5225052333350336e-12/2.7310788077790582e-11/0/5.2384614615454193e-28
262: retry-exhaustion outcome=6/10210 stop=455 attempts=2 mg-contract=1 mg-profile-bytes=200/4664
262: recovery-observation bytes=96 solve-report=360 attempt-capacity=14 step-loop-capacity=64
262: candidate-loop i=0 extrapolated_alpha=0 complete=0 selected_extrapolation=0 rejected=0 ladder=1 selected_alpha=1
262: candidate-loop i=1 extrapolated_alpha=0 complete=0 selected_extrapolation=0 rejected=0 ladder=1 selected_alpha=1
262: candidate-loop i=2 extrapolated_alpha=1.0001357076477417 complete=1 selected_extrapolation=1 rejected=0 ladder=0 selected_alpha=1.0001357076477417
262: warm-candidate-work status=0/0 baseline=3 extrapolation=1 ladder=2 incomplete=0 rejected_extrapolations=0
262: candidate-loop i=0 extrapolated_alpha=0 complete=0 selected_extrapolation=0 rejected=0 ladder=1 selected_alpha=1
262: candidate-loop i=1 extrapolated_alpha=0 complete=0 selected_extrapolation=0 rejected=0 ladder=1 selected_alpha=1
262: candidate-loop i=2 extrapolated_alpha=1.0055573199903851 complete=1 selected_extrapolation=1 rejected=0 ladder=0 selected_alpha=1.0055573199903851
262: candidate-loop i=3 extrapolated_alpha=1.0169532438415794 complete=1 selected_extrapolation=1 rejected=0 ladder=0 selected_alpha=1.0169532438415794
262: candidate-loop i=4 extrapolated_alpha=1.0407498450995283 complete=1 selected_extrapolation=1 rejected=0 ladder=0 selected_alpha=1.0407498450995283
262: candidate-loop i=5 extrapolated_alpha=1.090024989868605 complete=1 selected_extrapolation=1 rejected=0 ladder=0 selected_alpha=1.090024989868605
262: candidate-loop i=6 extrapolated_alpha=1.2034284034319145 complete=1 selected_extrapolation=1 rejected=0 ladder=0 selected_alpha=1.2034284034319145
262: candidate-loop i=7 extrapolated_alpha=1.5192237111066726 complete=1 selected_extrapolation=1 rejected=0 ladder=0 selected_alpha=1.5192237111066726
262: candidate-loop i=8 extrapolated_alpha=2 complete=1 selected_extrapolation=0 rejected=1 ladder=1 selected_alpha=1
262: warm-candidate-work status=0/0 baseline=9 extrapolation=7 ladder=3 incomplete=0 rejected_extrapolations=1
24/31 Test #262: v04_product_pressure_energy_retry_mpi_2 ...   Passed    0.98 sec
test 263
      Start 263: v04_product_pressure_energy_retry_mpi_4

263: Test command: /usr/bin/mpiexec "-n" "4" "/home/wyf/code_dev/.worktrees/hundun-flow-product-recovery-accept-20260908/build-accept/versions/v0.4/tests/v04_product_pressure_energy_retry_mpi_test"
263: Working Directory: /home/wyf/code_dev/.worktrees/hundun-flow-product-recovery-accept-20260908/build-accept/versions/v0.4/tests
263: Test timeout computed to be: 180
263: candidate-work baseline=14 extrapolation=0 ladder=322 incomplete=280 rejected_extrapolations=0
263: refinement status=0/0 accepted/attempts=1/1 calls/term=12/1 trajectory=14 terminal=0/2.3243278908212711e-14/1.0460406810870792e-10/0/1.1860467074584553e-31 early-exit=2/1
263: full-probe U/k/h=0.0030000000000000001/1.6249999999999999e-05/200933.24368773258:200934.24368773249:200935.24368773249 status=6/10210 stage=54 attempts/accepted=1/0 diag-corrector/select/commit=2/1/0 first-admissible=20 dp/dh=1.8714287331642688e-08/5.4073846735877291e-05 terminal=0/0/0/0/0 refinement=12/2 rollback=1
263: retry-observation loops=14,2 dt/outcome_bound=1 mg-profile=1 mg-applies=94/114
263: retry/control first status=0/0,0/0 attempts=2/1 origin=3/1 dt=0.0044999999999999997/0.0044999999999999997 same=1 terminal1=0/5.6994396657825053e-15/5.2306640959063825e-11/0/0 second same=1 bdf=2/2 terminal2=1.2580836701012501e-16/1.5225052333350336e-12/2.7310788077790582e-11/0/5.2384597744234758e-28
263: retry-exhaustion outcome=6/10210 stop=455 attempts=2 mg-contract=1 mg-profile-bytes=200/4664
263: recovery-observation bytes=96 solve-report=360 attempt-capacity=14 step-loop-capacity=64
263: candidate-loop i=0 extrapolated_alpha=0 complete=0 selected_extrapolation=0 rejected=0 ladder=1 selected_alpha=1
263: candidate-loop i=1 extrapolated_alpha=0 complete=0 selected_extrapolation=0 rejected=0 ladder=1 selected_alpha=1
263: candidate-loop i=2 extrapolated_alpha=1.0001177869577977 complete=1 selected_extrapolation=1 rejected=0 ladder=0 selected_alpha=1.0001177869577977
263: warm-candidate-work status=0/0 baseline=3 extrapolation=1 ladder=2 incomplete=0 rejected_extrapolations=0
263: candidate-loop i=0 extrapolated_alpha=0 complete=0 selected_extrapolation=0 rejected=0 ladder=1 selected_alpha=1
263: candidate-loop i=1 extrapolated_alpha=0 complete=0 selected_extrapolation=0 rejected=0 ladder=1 selected_alpha=1
263: candidate-loop i=2 extrapolated_alpha=1.0062044622551241 complete=1 selected_extrapolation=1 rejected=0 ladder=0 selected_alpha=1.0062044622551241
263: candidate-loop i=3 extrapolated_alpha=1.0183935058560609 complete=1 selected_extrapolation=1 rejected=0 ladder=0 selected_alpha=1.0183935058560609
263: candidate-loop i=4 extrapolated_alpha=1.044500271230395 complete=1 selected_extrapolation=1 rejected=0 ladder=0 selected_alpha=1.044500271230395
263: candidate-loop i=5 extrapolated_alpha=1.0988682293033274 complete=1 selected_extrapolation=1 rejected=0 ladder=0 selected_alpha=1.0988682293033274
263: candidate-loop i=6 extrapolated_alpha=1.2258391820639332 complete=1 selected_extrapolation=1 rejected=0 ladder=0 selected_alpha=1.2258391820639332
263: candidate-loop i=7 extrapolated_alpha=1.5937698014524755 complete=1 selected_extrapolation=1 rejected=0 ladder=0 selected_alpha=1.5937698014524755
263: candidate-loop i=8 extrapolated_alpha=2 complete=1 selected_extrapolation=0 rejected=1 ladder=1 selected_alpha=1
263: warm-candidate-work status=0/0 baseline=9 extrapolation=7 ladder=3 incomplete=0 rejected_extrapolations=1
25/31 Test #263: v04_product_pressure_energy_retry_mpi_4 ...   Passed    1.00 sec
test 266
      Start 266: v04_product_restart_method_history

266: Test command: /home/wyf/code_dev/.worktrees/hundun-flow-product-recovery-accept-20260908/build-accept/versions/v0.4/tests/v04_product_pressure_energy_temporal_convergence_test "--method-recovery"
266: Working Directory: /home/wyf/code_dev/.worktrees/hundun-flow-product-recovery-accept-20260908/build-accept/versions/v0.4/tests
266: Test timeout computed to be: 45
266: method_mass original=1.1030948920068615 saved=1.1030948920069716 restored=1.1030948920069716 source_complete=1
266: exact_method status=0/0 attempts=1 proposal_bdf=2 fallback=0
266: method_history unsigned_rejected=1 signed_exact_bdf=2 method_recovery_bdf=1,2 rebuilt_rate_payload_equal=1 recovery_attempts=1,1 recovery_status=0/0 passed=1
26/31 Test #266: v04_product_restart_method_history ........   Passed    2.34 sec
test 275
      Start 275: v04_solver_mg_krylov_isolation

275: Test command: /home/wyf/code_dev/.worktrees/hundun-flow-product-recovery-accept-20260908/build-accept/versions/v0.4/tests/v04_solver_mg_krylov_isolation_test
275: Working Directory: /home/wyf/code_dev/.worktrees/hundun-flow-product-recovery-accept-20260908/build-accept/versions/v0.4/tests
275: Test timeout computed to be: 10000000
27/31 Test #275: v04_solver_mg_krylov_isolation ............   Passed    0.31 sec
test 276
      Start 276: v04_solver_krylov_basis_update

276: Test command: /home/wyf/code_dev/.worktrees/hundun-flow-product-recovery-accept-20260908/build-accept/versions/v0.4/tests/v04_solver_krylov_basis_update_test
276: Working Directory: /home/wyf/code_dev/.worktrees/hundun-flow-product-recovery-accept-20260908/build-accept/versions/v0.4/tests
276: Test timeout computed to be: 10000000
28/31 Test #276: v04_solver_krylov_basis_update ............   Passed    0.04 sec
test 287
      Start 287: v04_solver_krylov_mpi_1

287: Test command: /usr/bin/mpiexec "-n" "1" "/home/wyf/code_dev/.worktrees/hundun-flow-product-recovery-accept-20260908/build-accept/versions/v0.4/tests/v04_solver_krylov_mpi_test"
287: Working Directory: /home/wyf/code_dev/.worktrees/hundun-flow-product-recovery-accept-20260908/build-accept/versions/v0.4/tests
287: Test timeout computed to be: 90
287: FGMRES_RECOVERY identity iterations=2 happy_restarts=1 unsafe_restarts=0 A=5 sink_bytes=96
29/31 Test #287: v04_solver_krylov_mpi_1 ...................   Passed    0.29 sec
test 289
      Start 289: v04_solver_krylov_mpi_2

289: Test command: /usr/bin/mpiexec "-n" "2" "/home/wyf/code_dev/.worktrees/hundun-flow-product-recovery-accept-20260908/build-accept/versions/v0.4/tests/v04_solver_krylov_mpi_test"
289: Working Directory: /home/wyf/code_dev/.worktrees/hundun-flow-product-recovery-accept-20260908/build-accept/versions/v0.4/tests
289: Test timeout computed to be: 90
289: FGMRES_RECOVERY identity iterations=2 happy_restarts=1 unsafe_restarts=0 A=5 sink_bytes=96
30/31 Test #289: v04_solver_krylov_mpi_2 ...................   Passed    0.29 sec
test 291
      Start 291: v04_solver_krylov_mpi_4

291: Test command: /usr/bin/mpiexec "-n" "4" "/home/wyf/code_dev/.worktrees/hundun-flow-product-recovery-accept-20260908/build-accept/versions/v0.4/tests/v04_solver_krylov_mpi_test"
291: Working Directory: /home/wyf/code_dev/.worktrees/hundun-flow-product-recovery-accept-20260908/build-accept/versions/v0.4/tests
291: Test timeout computed to be: 90
291: FGMRES_RECOVERY identity iterations=2 happy_restarts=1 unsafe_restarts=0 A=5 sink_bytes=96
31/31 Test #291: v04_solver_krylov_mpi_4 ...................   Passed    0.33 sec

The following tests passed:
	v04_solver_observation_cli
	v04_solver_mg_observation_cli
	v04_solver_fgmres_observation_cli
	v04_runner_fgmres_log_completion_mpi_2
	v04_app_restart_policy_cli_mpi_1
	v04_app_restart_policy_cli_mpi_2
	v04_app_restart_policy_cli_mpi_4
	v04_runner_fgmres_recovery_mpi_1
	v04_runner_statistics_epoch_mpi_1
	v04_runner_fgmres_recovery_mpi_2
	v04_runner_statistics_epoch_mpi_2
	v04_runner_fgmres_recovery_mpi_4
	v04_runner_statistics_epoch_mpi_4
	v04_solver_piso_authority
	v04_solver_piso_mutation
	v04_solver_piso_checkerboard
	v04_solver_piso_checkerboard_mpi_2
	v04_solver_piso_checkerboard_mpi_4
	v04_solver_piso_temporal_order
	v04_solver_piso_mpi_1
	v04_solver_piso_mpi_2
	v04_solver_piso_mpi_4
	v04_product_pressure_energy_retry_mpi_1
	v04_product_pressure_energy_retry_mpi_2
	v04_product_pressure_energy_retry_mpi_4
	v04_product_restart_method_history
	v04_solver_mg_krylov_isolation
	v04_solver_krylov_basis_update
	v04_solver_krylov_mpi_1
	v04_solver_krylov_mpi_2
	v04_solver_krylov_mpi_4

100% tests passed, 0 tests failed out of 31

Label Time Summary:
io_failure_audit    =  59.88 sec*proc (1 test)
v04_focused         =  14.22 sec*proc (14 tests)

Total Test time (real) = 191.10 sec
