[OUTPUT] 
Internal ctest changing into directory: /home/wyf/code_dev/.worktrees/hundun-flow-strict-coast-parity/build-review-fixes

[HANDLER_OUTPUT] 
Test project /home/wyf/code_dev/.worktrees/hundun-flow-strict-coast-parity/build-review-fixes

    Start 256: v04_product_pressure_energy_retry_mpi_1
1/1 Test #256: v04_product_pressure_energy_retry_mpi_1 ...***Failed    3.17 sec
candidate-work baseline=14 extrapolation=0 ladder=322 incomplete=280 rejected_extrapolations=0
refinement status=0/0 accepted/attempts=1/1 calls/term=12/1 trajectory=14 terminal=0/2.3243278908338169e-14/1.0460406810870782e-10/0/2.4294555600856023e-32 early-exit=2/1
full-probe U/k/h=0.0030000000000000001/1.6249999999999999e-05/200933.24368773258:200934.24368773249:200935.24368773249 status=6/10210 stage=54 attempts/accepted=1/0 diag-corrector/select/commit=2/1/0 first-admissible=20 dp/dh=1.8714286467246095e-08/5.4073846732826095e-05 terminal=0/0/0/0/0 refinement=12/2 rollback=1
rank 0 FAIL: ProductDriver exports opt-in FGMRES recovery reasons for each attempted pressure solve
retry-observation loops=14,2 dt/outcome_bound=1 mg-profile=0 mg-applies=70/85
retry/control first status=0/0,0/0 attempts=2/1 origin=3/1 dt=0.0044999999999999997/0.0044999999999999997 same=1 terminal1=0/5.6994396657825053e-15/5.2306640959063825e-11/0/0 second same=1 bdf=2/2 terminal2=1.2580836701012501e-16/1.5225052333350336e-12/2.7310788077790582e-11/0/5.2384613495099614e-28
rank 0 FAIL: rank-local ProductDriver MG profiles cover all retry and next-target solves, reconcile cumulative work, and leave disabled ranks empty
rank 0 FAIL: full-dt rejection rolls back exactly, half-dt retry matches a direct BE control, and the following target remains bitwise identical and terminal-positive
retry-exhaustion outcome=6/10210 stop=455 attempts=2 mg-contract=1 mg-profile-bytes=200/4664
candidate-loop i=0 extrapolated_alpha=0 complete=0 selected_extrapolation=0 rejected=0 ladder=1 selected_alpha=1
candidate-loop i=1 extrapolated_alpha=0 complete=0 selected_extrapolation=0 rejected=0 ladder=1 selected_alpha=1
candidate-loop i=2 extrapolated_alpha=1.0001450080592753 complete=1 selected_extrapolation=1 rejected=0 ladder=0 selected_alpha=1.0001450080592753
warm-candidate-work status=0/0 baseline=3 extrapolation=1 ladder=2 incomplete=0 rejected_extrapolations=0
candidate-loop i=0 extrapolated_alpha=0 complete=0 selected_extrapolation=0 rejected=0 ladder=1 selected_alpha=1
candidate-loop i=1 extrapolated_alpha=0 complete=0 selected_extrapolation=0 rejected=0 ladder=1 selected_alpha=1
candidate-loop i=2 extrapolated_alpha=1.0060974987792746 complete=1 selected_extrapolation=1 rejected=0 ladder=0 selected_alpha=1.0060974987792746
candidate-loop i=3 extrapolated_alpha=1.025122322581465 complete=1 selected_extrapolation=1 rejected=0 ladder=0 selected_alpha=1.025122322581465
candidate-loop i=4 extrapolated_alpha=1.0580625257236693 complete=1 selected_extrapolation=1 rejected=0 ladder=0 selected_alpha=1.0580625257236693
candidate-loop i=5 extrapolated_alpha=1.1292512753606125 complete=1 selected_extrapolation=1 rejected=0 ladder=0 selected_alpha=1.1292512753606125
candidate-loop i=6 extrapolated_alpha=1.3042045678460812 complete=1 selected_extrapolation=1 rejected=0 ladder=0 selected_alpha=1.3042045678460812
candidate-loop i=7 extrapolated_alpha=1.8891962098200208 complete=1 selected_extrapolation=1 rejected=0 ladder=0 selected_alpha=1.8891962098200208
candidate-loop i=8 extrapolated_alpha=2 complete=1 selected_extrapolation=0 rejected=1 ladder=1 selected_alpha=1
candidate-loop i=9 extrapolated_alpha=1.0040868971907759 complete=1 selected_extrapolation=1 rejected=0 ladder=0 selected_alpha=1.0040868971907759
warm-candidate-work status=0/0 baseline=10 extrapolation=8 ladder=3 incomplete=0 rejected_extrapolations=1
-------------------------------------------------------
Primary job  terminated normally, but 1 process returned
a non-zero exit code.. Per user-direction, the job has been aborted.
-------------------------------------------------------
--------------------------------------------------------------------------
mpiexec detected that one or more processes exited with non-zero status, thus causing
the job to be terminated. The first process to do so was:

  Process name: [[50685,1],0]
  Exit code:    1
--------------------------------------------------------------------------


0% tests passed, 1 tests failed out of 1

Label Time Summary:
v04_focused    =   3.17 sec*proc (1 test)

Total Test time (real) =   3.18 sec

The following tests FAILED:
	256 - v04_product_pressure_energy_retry_mpi_1 (Failed)  v04_focused
[ERROR_MESSAGE] 
Errors while running CTest

