[OUTPUT] 
Internal ctest changing into directory: /home/wyf/code_dev/.worktrees/hundun-flow-strict-coast-parity/build-review-fixes

[HANDLER_VERBOSE_OUTPUT] 
UpdateCTestConfiguration  from :/home/wyf/code_dev/.worktrees/hundun-flow-strict-coast-parity/build-review-fixes/DartConfiguration.tcl

UpdateCTestConfiguration  from :/home/wyf/code_dev/.worktrees/hundun-flow-strict-coast-parity/build-review-fixes/DartConfiguration.tcl
[HANDLER_OUTPUT] 
Test project /home/wyf/code_dev/.worktrees/hundun-flow-strict-coast-parity/build-review-fixes

[HANDLER_VERBOSE_OUTPUT] 
Constructing a list of tests

Done constructing a list of tests
Updating test list for fixtures
Added 0 tests to meet fixture requirements
Checking test dependency graph...
Checking test dependency graph end
test 51
[HANDLER_OUTPUT] 
    Start 51: v04_runner_fgmres_recovery_mpi_2

[HANDLER_VERBOSE_OUTPUT] 

51: Test command: /usr/bin/python3.6 "/home/wyf/code_dev/.worktrees/hundun-flow-strict-coast-parity/versions/v0.4/tests/integration/runner_mg_profile_cli_test.py" "--binary" "/home/wyf/code_dev/.worktrees/hundun-flow-strict-coast-parity/build-review-fixes/versions/v0.4/v04_thin_domain_runner" "--mpi" "/usr/bin/mpiexec" "--ranks" "2" "--fgmres-recovery"

51: Working Directory: /home/wyf/code_dev/.worktrees/hundun-flow-strict-coast-parity/build-review-fixes/versions/v0.4/tests
51: Test timeout computed to be: 180
51: FGMRES CLI on ranks=2 Arnoldi=12 complete/checkpoint parity PASS
51: FGMRES CLI recovery-only ranks=2 Arnoldi=12 complete/checkpoint parity PASS
51: MG CLI ranks=2 steps=2 apply_attempts=[6, 6] layout/loop/level identities, observer, checkpoint parity and cold flag contract PASS output=/tmp/hundun-mg-cli-7ka2lans/audit
[HANDLER_OUTPUT] 
1/1 Test #51: v04_runner_fgmres_recovery_mpi_2 ...
   Passed   11.66 sec
[HANDLER_VERBOSE_OUTPUT] 

The following tests passed:

	v04_runner_fgmres_recovery_mpi_2
[HANDLER_OUTPUT] 

100% tests passed, 0 tests failed out of 1


Total Test time (real) =  11.66 sec
