Traceback (most recent call last):
  File "versions/v0.4/tests/integration/runner_mg_profile_cli_test.py", line 207, in <module>
    main()
  File "versions/v0.4/tests/integration/runner_mg_profile_cli_test.py", line 81, in main
    on = run('on', True, args.fgmres_recovery)
  File "versions/v0.4/tests/integration/runner_mg_profile_cli_test.py", line 76, in run
    assert result.returncode == 0, result.stdout
AssertionError: usage:
  v04_thin_domain_runner --self-test
  v04_thin_domain_runner --spec PATH --case-root PATH --dry-plan
  v04_thin_domain_runner --spec PATH --case-root PATH --run-root PATH [--restart-root PATH] --steps N [--restart-method-recovery [--restart-development-steps N]] [--visit-interval N] [--observe-performance [--observe-mg-cost]] [--trace-cell i,j,k (at most twice) --trace-first N --trace-last N]
-------------------------------------------------------
Primary job  terminated normally, but 1 process returned
a non-zero exit code.. Per user-direction, the job has been aborted.
-------------------------------------------------------
--------------------------------------------------------------------------
mpirun detected that one or more processes exited with non-zero status, thus causing
the job to be terminated. The first process to do so was:

  Process name: [[51383,1],1]
  Exit code:    2
--------------------------------------------------------------------------

