Internal ctest changing into directory: /home/wyf/code_dev/.worktrees/hundun-flow-strict-coast-parity/build-review-sanitize-clang
UpdateCTestConfiguration  from :/home/wyf/code_dev/.worktrees/hundun-flow-strict-coast-parity/build-review-sanitize-clang/DartConfiguration.tcl
UpdateCTestConfiguration  from :/home/wyf/code_dev/.worktrees/hundun-flow-strict-coast-parity/build-review-sanitize-clang/DartConfiguration.tcl
Test project /home/wyf/code_dev/.worktrees/hundun-flow-strict-coast-parity/build-review-sanitize-clang
Constructing a list of tests
Done constructing a list of tests
Updating test list for fixtures
Added 0 tests to meet fixture requirements
Checking test dependency graph...
Checking test dependency graph end
test 53
    Start 53: v04_runner_fgmres_recovery_mpi_2

53: Test command: /usr/bin/python3.6 "/home/wyf/code_dev/.worktrees/hundun-flow-strict-coast-parity/versions/v0.4/tests/integration/runner_mg_profile_cli_test.py" "--binary" "/home/wyf/code_dev/.worktrees/hundun-flow-strict-coast-parity/build-review-sanitize-clang/versions/v0.4/v04_thin_domain_runner" "--mpi" "/usr/bin/mpiexec" "--ranks" "2" "--fgmres-recovery"
53: Working Directory: /home/wyf/code_dev/.worktrees/hundun-flow-strict-coast-parity/build-review-sanitize-clang/versions/v0.4/tests
53: Test timeout computed to be: 180
53: FGMRES CLI on ranks=2 Arnoldi=12 complete/checkpoint parity PASS
53: FGMRES CLI recovery-only ranks=2 Arnoldi=12 complete/checkpoint parity PASS
53: BiCGStab CLI ranks=2 A+M=40 unavailable recovery/checkpoint parity PASS
53: MG CLI ranks=2 steps=2 apply_attempts=[6, 6] layout/loop/level identities, observer, checkpoint parity and cold flag contract PASS output=/tmp/hundun-mg-cli-wtepvtzz/audit
1/1 Test #53: v04_runner_fgmres_recovery_mpi_2 ...   Passed   88.57 sec

The following tests passed:
	v04_runner_fgmres_recovery_mpi_2

100% tests passed, 0 tests failed out of 1

Total Test time (real) =  88.59 sec
