[OUTPUT] 
Internal ctest changing into directory: /home/wyf/code_dev/.worktrees/hundun-flow-strict-coast-parity/build-review-fixes

[HANDLER_VERBOSE_OUTPUT] 
UpdateCTestConfiguration  from :/home/wyf/code_dev/.worktrees/hundun-flow-strict-coast-parity/build-review-fixes/DartConfiguration.tcl

UpdateCTestConfiguration  from :/home/wyf/code_dev/.worktrees/hundun-flow-strict-coast-parity/build-review-fixes/DartConfiguration.tcl
[HANDLER_OUTPUT] 
Test project /home/wyf/code_dev/.worktrees/hundun-flow-strict-coast-parity/build-review-fixes

[HANDLER_VERBOSE_OUTPUT] 
Constructing a list of tests

Done constructing a list of tests
Updating test list for fixtures
Added 0 tests to meet fixture requirements
Checking test dependency graph...
Checking test dependency graph end
test 191
[HANDLER_OUTPUT] 
    Start 191: v04_product_scalar_splitting_observation

[HANDLER_VERBOSE_OUTPUT] 

191: Test command: /home/wyf/code_dev/.worktrees/hundun-flow-strict-coast-parity/build-review-fixes/versions/v0.4/tests/v04_product_pressure_energy_temporal_convergence_test "--scalar-splitting"

191: Working Directory: /home/wyf/code_dev/.worktrees/hundun-flow-strict-coast-parity/build-review-fixes/versions/v0.4/tests
191: Test timeout computed to be: 180
191: level setup=2/406
[HANDLER_OUTPUT] 
1/1 Test #191: v04_product_scalar_splitting_observation ...
***Failed    0.32 sec

0% tests passed, 1 tests failed out of 1

Label Time Summary:
v04_method_observation    =   0.32 sec*proc (1 test)

Total Test time (real) =   0.32 sec

The following tests FAILED:
	191 - v04_product_scalar_splitting_observation (Failed) v04_method_observation
[ERROR_MESSAGE] 
Errors while running CTest

Output from these tests are in: /home/wyf/code_dev/.worktrees/hundun-flow-strict-coast-parity/build-review-fixes/Testing/Temporary/LastTest.log
Use "--rerun-failed --output-on-failure" to re-run the failed cases verbosely.
