Internal ctest changing into directory: /home/wyf/code_dev/.worktrees/hundun-flow-strict-coast-parity/build-review-fixes
Test project /home/wyf/code_dev/.worktrees/hundun-flow-strict-coast-parity/build-review-fixes
    Start 271: v04_solver_mg_mpi_2
1/1 Test #271: v04_solver_mg_mpi_2 ..............***Failed    2.46 sec
rank 0 FAIL: MG profile exactly attributes per-level Halo and reduction time as nested apply costs
rank 0 FAIL: replicated coarse direct MPI matches public collective work inside the terminal phase
rank 1 FAIL: MG profile exactly attributes per-level Halo and reduction time as nested apply costs
rank 1 FAIL: replicated coarse direct MPI matches public collective work inside the terminal phase
-------------------------------------------------------
Primary job  terminated normally, but 1 process returned
a non-zero exit code.. Per user-direction, the job has been aborted.
-------------------------------------------------------
--------------------------------------------------------------------------
mpiexec detected that one or more processes exited with non-zero status, thus causing
the job to be terminated. The first process to do so was:

  Process name: [[44943,1],0]
  Exit code:    1
--------------------------------------------------------------------------


0% tests passed, 1 tests failed out of 1

Label Time Summary:
v04_focused    =   4.91 sec*proc (1 test)

Total Test time (real) =   2.47 sec

The following tests FAILED:
	271 - v04_solver_mg_mpi_2 (Failed)                      v04_focused
Errors while running CTest
