[OUTPUT] 
Internal ctest changing into directory: /home/wyf/code_dev/.worktrees/hundun-flow-strict-coast-parity/build-review-sanitize-clang

[HANDLER_VERBOSE_OUTPUT] 
UpdateCTestConfiguration  from :/home/wyf/code_dev/.worktrees/hundun-flow-strict-coast-parity/build-review-sanitize-clang/DartConfiguration.tcl

UpdateCTestConfiguration  from :/home/wyf/code_dev/.worktrees/hundun-flow-strict-coast-parity/build-review-sanitize-clang/DartConfiguration.tcl
[HANDLER_OUTPUT] 
Test project /home/wyf/code_dev/.worktrees/hundun-flow-strict-coast-parity/build-review-sanitize-clang

[HANDLER_VERBOSE_OUTPUT] 
Constructing a list of tests

Done constructing a list of tests
Updating test list for fixtures
Added 0 tests to meet fixture requirements
Checking test dependency graph...
Checking test dependency graph end
test 282
[HANDLER_OUTPUT] 
    Start 282: v04_solver_krylov_mpi_1

[HANDLER_VERBOSE_OUTPUT] 

282: Test command: /usr/bin/mpiexec "-n" "1" "/home/wyf/code_dev/.worktrees/hundun-flow-strict-coast-parity/build-review-sanitize-clang/versions/v0.4/tests/v04_solver_krylov_mpi_test"

282: Working Directory: /home/wyf/code_dev/.worktrees/hundun-flow-strict-coast-parity/build-review-sanitize-clang/versions/v0.4/tests
282: Test timeout computed to be: 90
282: FGMRES_RECOVERY identity iterations=2 happy_restarts=1 unsafe_restarts=0 A=5 sink_bytes=96
[HANDLER_OUTPUT] 
1/3 Test #282: v04_solver_krylov_mpi_1 ..........
   Passed    0.72 sec
[HANDLER_VERBOSE_OUTPUT] 
test 284

[HANDLER_OUTPUT] 
    Start 284: v04_solver_krylov_mpi_2

[HANDLER_VERBOSE_OUTPUT] 

284: Test command: /usr/bin/mpiexec "-n" "2" "/home/wyf/code_dev/.worktrees/hundun-flow-strict-coast-parity/build-review-sanitize-clang/versions/v0.4/tests/v04_solver_krylov_mpi_test"

284: Working Directory: /home/wyf/code_dev/.worktrees/hundun-flow-strict-coast-parity/build-review-sanitize-clang/versions/v0.4/tests
284: Test timeout computed to be: 90
284: FGMRES_RECOVERY identity iterations=2 happy_restarts=1 unsafe_restarts=0 A=5 sink_bytes=96
[HANDLER_OUTPUT] 
2/3 Test #284: v04_solver_krylov_mpi_2 ..........
   Passed    0.59 sec
[HANDLER_VERBOSE_OUTPUT] 
test 286

[HANDLER_OUTPUT] 
    Start 286: v04_solver_krylov_mpi_4

[HANDLER_VERBOSE_OUTPUT] 

286: Test command: /usr/bin/mpiexec "-n" "4" "/home/wyf/code_dev/.worktrees/hundun-flow-strict-coast-parity/build-review-sanitize-clang/versions/v0.4/tests/v04_solver_krylov_mpi_test"

286: Working Directory: /home/wyf/code_dev/.worktrees/hundun-flow-strict-coast-parity/build-review-sanitize-clang/versions/v0.4/tests
286: Test timeout computed to be: 90
286: FGMRES_RECOVERY identity iterations=2 happy_restarts=1 unsafe_restarts=0 A=5 sink_bytes=96
[HANDLER_OUTPUT] 
3/3 Test #286: v04_solver_krylov_mpi_4 ..........
   Passed    0.53 sec
[HANDLER_VERBOSE_OUTPUT] 

The following tests passed:

	v04_solver_krylov_mpi_1
	v04_solver_krylov_mpi_2
	v04_solver_krylov_mpi_4
[HANDLER_OUTPUT] 

100% tests passed, 0 tests failed out of 3


Label Time Summary:
v04_focused    =   4.01 sec*proc (3 tests)

Total Test time (real) =   1.84 sec
