Internal ctest changing into directory: /tmp/build
Test project /tmp/build
      Start 136: v04_public_headers
 1/67 Test #136: v04_public_headers .......................................   Passed    0.00 sec
      Start 355: v04_product_pressure_energy_retry_mpi_1
 2/67 Test #355: v04_product_pressure_energy_retry_mpi_1 ..................   Passed    1.42 sec
      Start 356: v04_product_pressure_energy_retry_mpi_2
 3/67 Test #356: v04_product_pressure_energy_retry_mpi_2 ..................   Passed    1.23 sec
      Start 357: v04_product_pressure_energy_retry_mpi_4
 4/67 Test #357: v04_product_pressure_energy_retry_mpi_4 ..................   Passed    1.34 sec
      Start 467: v04_product_spray_mpi_1
 5/67 Test #467: v04_product_spray_mpi_1 ..................................   Passed    0.66 sec
      Start 468: v04_product_spray_wall_mpi_1
 6/67 Test #468: v04_product_spray_wall_mpi_1 .............................   Passed    0.57 sec
      Start 469: v04_product_spray_ibm_mpi_1
 7/67 Test #469: v04_product_spray_ibm_mpi_1 ..............................   Passed    3.65 sec
      Start 470: v04_product_spray_esf_ibm_wale_mpi_1
 8/67 Test #470: v04_product_spray_esf_ibm_wale_mpi_1 .....................   Passed    5.98 sec
      Start 471: v04_product_spray_esf_ibm_mpi_1
 9/67 Test #471: v04_product_spray_esf_ibm_mpi_1 ..........................   Passed    5.80 sec
      Start 472: v04_product_spray_esf_wall_mpi_1
10/67 Test #472: v04_product_spray_esf_wall_mpi_1 .........................   Passed    0.77 sec
      Start 473: v04_product_spray_esf_mpi_1
11/67 Test #473: v04_product_spray_esf_mpi_1 ..............................   Passed    0.79 sec
      Start 474: v04_product_spray_esf_passive_mpi_1
12/67 Test #474: v04_product_spray_esf_passive_mpi_1 ......................   Passed    0.79 sec
      Start 475: v04_product_spray_mpi_2
13/67 Test #475: v04_product_spray_mpi_2 ..................................   Passed    0.55 sec
      Start 476: v04_product_spray_wall_mpi_2
14/67 Test #476: v04_product_spray_wall_mpi_2 .............................   Passed    0.56 sec
      Start 477: v04_product_spray_ibm_mpi_2
15/67 Test #477: v04_product_spray_ibm_mpi_2 ..............................   Passed    2.15 sec
      Start 478: v04_product_spray_esf_ibm_wale_mpi_2
16/67 Test #478: v04_product_spray_esf_ibm_wale_mpi_2 .....................   Passed    3.54 sec
      Start 479: v04_product_spray_esf_ibm_mpi_2
17/67 Test #479: v04_product_spray_esf_ibm_mpi_2 ..........................   Passed    3.41 sec
      Start 480: v04_product_spray_esf_wall_mpi_2
18/67 Test #480: v04_product_spray_esf_wall_mpi_2 .........................   Passed    0.71 sec
      Start 481: v04_product_spray_esf_mpi_2
19/67 Test #481: v04_product_spray_esf_mpi_2 ..............................   Passed    0.70 sec
      Start 482: v04_product_spray_esf_passive_mpi_2
20/67 Test #482: v04_product_spray_esf_passive_mpi_2 ......................   Passed    0.70 sec
      Start 483: v04_product_spray_mpi_4
21/67 Test #483: v04_product_spray_mpi_4 ..................................   Passed    0.60 sec
      Start 484: v04_product_spray_wall_mpi_4
22/67 Test #484: v04_product_spray_wall_mpi_4 .............................   Passed    0.58 sec
      Start 485: v04_product_spray_ibm_mpi_4
23/67 Test #485: v04_product_spray_ibm_mpi_4 ..............................   Passed    1.59 sec
      Start 486: v04_product_spray_esf_ibm_wale_mpi_4
24/67 Test #486: v04_product_spray_esf_ibm_wale_mpi_4 .....................   Passed    2.31 sec
      Start 487: v04_product_spray_esf_ibm_mpi_4
25/67 Test #487: v04_product_spray_esf_ibm_mpi_4 ..........................   Passed    2.25 sec
      Start 488: v04_product_spray_esf_wall_mpi_4
26/67 Test #488: v04_product_spray_esf_wall_mpi_4 .........................   Passed    0.66 sec
      Start 489: v04_product_spray_esf_mpi_4
27/67 Test #489: v04_product_spray_esf_mpi_4 ..............................   Passed    0.68 sec
      Start 490: v04_product_spray_esf_passive_mpi_4
28/67 Test #490: v04_product_spray_esf_passive_mpi_4 ......................   Passed    0.69 sec
      Start 491: v04_product_reaction_mpi_1
29/67 Test #491: v04_product_reaction_mpi_1 ...............................   Passed    0.51 sec
      Start 492: v04_product_reaction_mpi_2
30/67 Test #492: v04_product_reaction_mpi_2 ...............................   Passed    0.52 sec
      Start 493: v04_product_reaction_mpi_4
31/67 Test #493: v04_product_reaction_mpi_4 ...............................   Passed    0.53 sec
      Start 494: v04_product_reaction_case_mpi_1
32/67 Test #494: v04_product_reaction_case_mpi_1 ..........................   Passed    0.54 sec
      Start 495: v04_product_reaction_case_mpi_2
33/67 Test #495: v04_product_reaction_case_mpi_2 ..........................   Passed    0.47 sec
      Start 496: v04_product_reaction_case_mpi_4
34/67 Test #496: v04_product_reaction_case_mpi_4 ..........................   Passed    0.52 sec
      Start 497: v04_product_pasr_case_mpi_1
35/67 Test #497: v04_product_pasr_case_mpi_1 ..............................   Passed    0.51 sec
      Start 498: v04_product_pasr_case_mpi_2
36/67 Test #498: v04_product_pasr_case_mpi_2 ..............................   Passed    0.52 sec
      Start 499: v04_product_pasr_case_mpi_4
37/67 Test #499: v04_product_pasr_case_mpi_4 ..............................   Passed    0.54 sec
      Start 500: v04_product_cantera_case_mpi_1
38/67 Test #500: v04_product_cantera_case_mpi_1 ...........................   Passed    0.50 sec
      Start 501: v04_product_cantera_case_mpi_2
39/67 Test #501: v04_product_cantera_case_mpi_2 ...........................   Passed    0.52 sec
      Start 502: v04_product_cantera_case_mpi_4
40/67 Test #502: v04_product_cantera_case_mpi_4 ...........................   Passed    0.53 sec
      Start 503: v04_product_esf_case_mpi_1
41/67 Test #503: v04_product_esf_case_mpi_1 ...............................   Passed    0.56 sec
      Start 504: v04_product_esf_case_mpi_2
42/67 Test #504: v04_product_esf_case_mpi_2 ...............................   Passed    0.52 sec
      Start 505: v04_product_esf_case_mpi_4
43/67 Test #505: v04_product_esf_case_mpi_4 ...............................   Passed    0.56 sec
      Start 506: v04_product_tcr_shadow_mpi_1
44/67 Test #506: v04_product_tcr_shadow_mpi_1 .............................   Passed    0.74 sec
      Start 507: v04_product_tcr_shadow_mpi_2
45/67 Test #507: v04_product_tcr_shadow_mpi_2 .............................   Passed    0.60 sec
      Start 508: v04_product_tcr_shadow_mpi_4
46/67 Test #508: v04_product_tcr_shadow_mpi_4 .............................   Passed    0.68 sec
      Start 509: v04_product_tcr_experimental_mpi_1
47/67 Test #509: v04_product_tcr_experimental_mpi_1 .......................   Passed    0.68 sec
      Start 510: v04_product_tcr_experimental_mpi_2
48/67 Test #510: v04_product_tcr_experimental_mpi_2 .......................   Passed    0.62 sec
      Start 511: v04_product_tcr_experimental_mpi_4
49/67 Test #511: v04_product_tcr_experimental_mpi_4 .......................   Passed    0.64 sec
      Start 512: v04_product_cantera_esf_mpi_1
50/67 Test #512: v04_product_cantera_esf_mpi_1 ............................   Passed    1.82 sec
      Start 513: v04_product_cantera_esf_mpi_2
51/67 Test #513: v04_product_cantera_esf_mpi_2 ............................   Passed    1.17 sec
      Start 514: v04_product_cantera_esf_mpi_4
52/67 Test #514: v04_product_cantera_esf_mpi_4 ............................   Passed    0.88 sec
      Start 515: v04_coupled_restart_cli_reacting-esf-ibm
53/67 Test #515: v04_coupled_restart_cli_reacting-esf-ibm .................   Passed    4.76 sec
      Start 516: v04_coupled_restart_cli_reacting-spray-esf-ibm
54/67 Test #516: v04_coupled_restart_cli_reacting-spray-esf-ibm ...........   Passed    5.97 sec
      Start 517: v04_coupled_restart_cli_reacting-spray-esf-wall
55/67 Test #517: v04_coupled_restart_cli_reacting-spray-esf-wall ..........   Passed    4.94 sec
      Start 518: v04_coupled_restart_cli_reacting-spray-esf-outlet
56/67 Test #518: v04_coupled_restart_cli_reacting-spray-esf-outlet ........   Passed    4.90 sec
      Start 519: v04_coupled_restart_cli_reacting-spray-ibm
57/67 Test #519: v04_coupled_restart_cli_reacting-spray-ibm ...............   Passed    4.68 sec
      Start 520: v04_coupled_restart_cli_reacting-spray-outlet
58/67 Test #520: v04_coupled_restart_cli_reacting-spray-outlet ............   Passed    4.08 sec
      Start 521: v04_coupled_restart_cli_reacting-spray-wall
59/67 Test #521: v04_coupled_restart_cli_reacting-spray-wall ..............   Passed    4.18 sec
      Start 522: v04_coupled_restart_cli_reacting-esf
60/67 Test #522: v04_coupled_restart_cli_reacting-esf .....................   Passed    5.09 sec
      Start 523: v04_coupled_restart_cli_reacting-tcr-experimental
61/67 Test #523: v04_coupled_restart_cli_reacting-tcr-experimental ........   Passed    4.78 sec
      Start 524: v04_coupled_restart_cli_reacting-spray-mean
62/67 Test #524: v04_coupled_restart_cli_reacting-spray-mean ..............   Passed    4.49 sec
      Start 525: v04_coupled_restart_cli_reacting-spray-esf
63/67 Test #525: v04_coupled_restart_cli_reacting-spray-esf ...............   Passed    4.28 sec
      Start 526: v04_coupled_restart_cli_reacting-spray-esf-passive
64/67 Test #526: v04_coupled_restart_cli_reacting-spray-esf-passive .......   Passed    4.52 sec
      Start 527: v04_coupled_restart_cli_reacting-cantera-esf
65/67 Test #527: v04_coupled_restart_cli_reacting-cantera-esf .............   Passed    5.59 sec
      Start 528: v04_coupled_restart_cli_reacting-spray-esf-cantera
66/67 Test #528: v04_coupled_restart_cli_reacting-spray-esf-cantera .......   Passed    5.56 sec
      Start 529: v04_coupled_restart_cli_reacting-spray-esf-ibm-cantera
67/67 Test #529: v04_coupled_restart_cli_reacting-spray-esf-ibm-cantera ...   Passed   13.09 sec

100% tests passed, 0 tests failed out of 67

Label Time Summary:
v04_focused    =   9.23 sec*proc (4 tests)

Total Test time (real) = 141.31 sec
