Internal ctest changing into directory: /home/wyf/code_dev/.worktrees/hundun-flow-strict-coast-parity/build-review-fixes
Test project /home/wyf/code_dev/.worktrees/hundun-flow-strict-coast-parity/build-review-fixes
    Start 22: v04_solver_observation_cli
1/7 Test #22: v04_solver_observation_cli ..........   Passed    0.63 sec
    Start 25: v04_thin_domain_runner_self_test
2/7 Test #25: v04_thin_domain_runner_self_test ....   Passed    0.43 sec
    Start 31: v04_runner_statistics_epoch_mpi_1
3/7 Test #31: v04_runner_statistics_epoch_mpi_1 ...   Passed   13.82 sec
    Start 32: v04_runner_statistics_epoch_mpi_2
4/7 Test #32: v04_runner_statistics_epoch_mpi_2 ...   Passed   12.88 sec
    Start 33: v04_runner_statistics_epoch_mpi_4
5/7 Test #33: v04_runner_statistics_epoch_mpi_4 ...   Passed   10.41 sec
    Start 35: v04_evidence_v4_product_validator
6/7 Test #35: v04_evidence_v4_product_validator ...   Passed    2.50 sec
    Start 40: v04_literature_receipt_cli
7/7 Test #40: v04_literature_receipt_cli ..........   Passed    0.84 sec

100% tests passed, 0 tests failed out of 7

Label Time Summary:
v04_focused    =   0.84 sec*proc (1 test)

Total Test time (real) =  41.53 sec
