SCALAR_MOMENTUM_CYCLE 1 2.135468624246195e-07 limiter 0.85631549235322968 pressure 19.446047626432623 flux 0.024713672431701302
SCALAR_MOMENTUM_CYCLE 2 5.4857387839135279e-12 limiter 0.85631553847423902 pressure 19.445927869546065 flux 0.024713677689663587
SCALAR_MOMENTUM_CYCLE 3 6.5911990470310862e-16 limiter 0.85631553849983422 pressure 19.445927860884286 flux 0.02471367768961967
SCALAR_MOMENTUM_CYCLE 1 5.6971514844901265e-10 limiter 0.8558200361024203 pressure 19.277159124909591 flux 0.024405017409585332
SCALAR_MOMENTUM_CYCLE 2 1.0448591822456726e-14 limiter 0.85582003542945895 pressure 19.277158791702096 flux 0.024405017407378049
SCALAR_MOMENTUM_CYCLE 3 3.1748684466120252e-16 limiter 0.8558200354424006 pressure 19.277158791781549 flux 0.024405017407377362
SCALAR_MOMENTUM_CYCLE 1 1.0754393364416364e-09 limiter 0.85598101314199659 pressure 19.062290665460942 flux 0.024098049941471824
SCALAR_MOMENTUM_CYCLE 2 8.0679230010488559e-13 limiter 0.85598107436183879 pressure 19.062289850773038 flux 0.024098049941907167
SCALAR_MOMENTUM_CYCLE 3 4.2985071687136488e-13 limiter 0.8559812782130537 pressure 19.062289850826858 flux 0.024098049941906747
SCALAR_MOMENTUM_CYCLE 4 4.2975189439195076e-13 limiter 0.85598107325889838 pressure 19.062289850806096 flux 0.024098049941906858
SCALAR_MOMENTUM_CYCLE 5 4.2991301378886246e-13 limiter 0.85598127822863668 pressure 19.062289850831977 flux 0.024098049941906702
SCALAR_MOMENTUM_CYCLE 6 4.2997758750129986e-13 limiter 0.85598107325629036 pressure 19.062289850810881 flux 0.024098049941906782
SCALAR_MOMENTUM_CYCLE 7 4.2977412944790955e-13 limiter 0.85598127822541736 pressure 19.062289850830414 flux 0.024098049941906702
SCALAR_MOMENTUM_CYCLE 8 4.2982421888481579e-13 limiter 0.85598107326342798 pressure 19.062289850808625 flux 0.024098049941906782
SCALAR_MOMENTUM_CYCLE 9 4.2977369346637182e-13 limiter 0.85598127822978209 pressure 19.062289850826332 flux 0.024098049941906785
SCALAR_MOMENTUM_CYCLE 10 4.2975189439195076e-13 limiter 0.85598107325674511 pressure 19.062289850804298 flux 0.024098049941906861
SCALAR_MOMENTUM_CYCLE 11 4.2976913988142254e-13 limiter 0.85598127822620995 pressure 19.0622898508276 flux 0.024098049941906782
SCALAR_MOMENTUM_CYCLE 12 4.2990007967237549e-13 limiter 0.8559810732607922 pressure 19.062289850808249 flux 0.024098049941906785
SCALAR_MOMENTUM_CYCLE 13 4.2977403256312337e-13 limiter 0.85598127822480652 pressure 19.06228985082948 flux 0.024098049941906705
SCALAR_MOMENTUM_CYCLE 14 4.2975189439195076e-13 limiter 0.85598107326318829 pressure 19.062289850805495 flux 0.024098049941906861
SCALAR_MOMENTUM_CYCLE 15 4.2991301378886246e-13 limiter 0.85598127823088099 pressure 19.062289850830314 flux 0.024098049941906705
SCALAR_MOMENTUM_CYCLE 16 4.2997904077309219e-13 limiter 0.85598107326527173 pressure 19.062289850808863 flux 0.024098049941906782
scalar_advance_failure species=1 uniform=0 dt=6.25e-05 step=2 status=6/10216 sweeps=16 species_residual=4.29979e-13 remap_residual=4.48757e-17 mass_pairing=2.58487e-16 energy=6.02071e-16
SCALAR_CONTRACT ranks=1 stretched=1 near_pure=0 family=EOS_species uniform=0 dt=6.25e-05 ran=0 history=0 constant=0 bounded=0 eos=0 conservation=0 inventory_relative_defect=7.32970834419e-17 constant_error=1.38777878078e-16 eos_error=4.78147503054e-16 coupling_sweeps=3 remap_iterations=3 scalar_residual=6.59119904703e-16 mass_pairing=4.17050609044e-16
STRICT_SCALAR_ACCEPTANCE FAIL correction_active_checked=1
-------------------------------------------------------
Primary job  terminated normally, but 1 process returned
a non-zero exit code.. Per user-direction, the job has been aborted.
-------------------------------------------------------
--------------------------------------------------------------------------
mpirun detected that one or more processes exited with non-zero status, thus causing
the job to be terminated. The first process to do so was:

  Process name: [[21443,1],0]
  Exit code:    1
--------------------------------------------------------------------------
