SCALAR_COUPLING step=4 sweep=1 R=0 momentum=1 thermo=1
SCALAR_WORST c=0,0,0 defect=0 q=0 Q=0
SCALAR_COUPLING step=5 sweep=1 R=0 momentum=1 thermo=0
SCALAR_WORST c=0,0,0 defect=0 q=0 Q=0
SCALAR_COUPLING step=6 sweep=1 R=0 momentum=1 thermo=0
SCALAR_WORST c=0,0,0 defect=0 q=0 Q=0
SCALAR_COUPLING step=7 sweep=1 R=0 momentum=1 thermo=1
SCALAR_WORST c=0,0,0 defect=0 q=0 Q=0
SCALAR_COUPLING step=8 sweep=1 R=0 momentum=1 thermo=0
SCALAR_WORST c=0,0,0 defect=0 q=0 Q=0
SCALAR_COUPLING step=9 sweep=1 R=0 momentum=1 thermo=1
SCALAR_WORST c=0,0,0 defect=0 q=0 Q=0
SCALAR_COUPLING step=10 sweep=1 R=0 momentum=1 thermo=0
SCALAR_WORST c=0,0,0 defect=0 q=0 Q=0
SCALAR_COUPLING step=11 sweep=1 R=0 momentum=1 thermo=1
SCALAR_WORST c=0,0,0 defect=0 q=0 Q=0
SCALAR_CONTRACT ranks=1 stretched=1 near_pure=1 family=passive uniform=0 dt=0.000125 ran=1 history=1 constant=1 bounded=1 eos=1 conservation=1 inventory_relative_defect=1.77056194763e-16 constant_error=5.82867087928e-16 eos_error=2.01356935143e-16 minimum=1e-08 maximum=0.999999989961 coupling_sweeps=1 remap_iterations=3 scalar_residual=0 mass_pairing=3.68961752134e-16
SCALAR_COUPLING step=4 sweep=1 R=0 momentum=1 thermo=1
SCALAR_WORST c=0,0,0 defect=0 q=0 Q=0
SCALAR_COUPLING step=5 sweep=1 R=0 momentum=1 thermo=1
SCALAR_WORST c=0,0,0 defect=0 q=0 Q=0
SCALAR_COUPLING step=6 sweep=1 R=0 momentum=1 thermo=1
SCALAR_WORST c=0,0,0 defect=0 q=0 Q=0
SCALAR_COUPLING step=7 sweep=1 R=0 momentum=1 thermo=1
SCALAR_WORST c=0,0,0 defect=0 q=0 Q=0
SCALAR_COUPLING step=8 sweep=1 R=0 momentum=1 thermo=1
SCALAR_WORST c=0,0,0 defect=0 q=0 Q=0
SCALAR_COUPLING step=9 sweep=1 R=0 momentum=1 thermo=1
SCALAR_WORST c=0,0,0 defect=0 q=0 Q=0
SCALAR_COUPLING step=10 sweep=1 R=0 momentum=1 thermo=1
SCALAR_WORST c=0,0,0 defect=0 q=0 Q=0
SCALAR_COUPLING step=11 sweep=1 R=0 momentum=1 thermo=1
SCALAR_WORST c=0,0,0 defect=0 q=0 Q=0
SCALAR_CONTRACT ranks=1 stretched=1 near_pure=1 family=passive uniform=1 dt=0.000125 ran=1 history=1 constant=1 bounded=1 eos=1 conservation=1 inventory_relative_defect=9.81644396703e-17 constant_error=3.05311331772e-16 eos_error=2.01356935143e-16 minimum=0.2 maximum=0.2 coupling_sweeps=1 remap_iterations=0 scalar_residual=0 mass_pairing=3.65398162496e-16
SCALAR_SEED difference=0.99999998999999995 mass0=0.014678215431655945 Q0=2.9032644500196505e-06 phi0=0.023223644394710072 hash=1478259799085282239
SCALAR_COUPLING step=4 sweep=1 R=5.6488371095609432e-06 momentum=1 thermo=1
SCALAR_WORST c=4,3,0 defect=5.6488371095609432e-06 q=0.99967274855504407 Q=0.0088686811196479563
SCALAR_SEED difference=0 mass0=0.014678215431655945 Q0=2.9032644500196505e-06 phi0=0.023223644394710072 hash=1478259799085282239
SCALAR_COUPLING step=4 sweep=2 R=2.4707707444254551e-08 momentum=1 thermo=1
SCALAR_WORST c=4,0,0 defect=2.4707707444254551e-08 q=0.99966145098224801 Q=0.0088686801256958117
SCALAR_SEED difference=0 mass0=0.014678215431655945 Q0=2.9032644500196505e-06 phi0=0.023223644394710072 hash=1478259799085282239
SCALAR_COUPLING step=4 sweep=3 R=1.0806819313018518e-10 momentum=1 thermo=1
SCALAR_WORST c=4,3,1 defect=1.0806819313018518e-10 q=0.9996614015673323 Q=0.0078070705359383546
SCALAR_SEED difference=0 mass0=0.014678215431655945 Q0=2.9032644500196505e-06 phi0=0.023223644394710072 hash=1478259799085282239
SCALAR_COUPLING step=4 sweep=4 R=4.7281988840522451e-13 momentum=1 thermo=1
SCALAR_WORST c=4,0,3 defect=4.7281988840522451e-13 q=0.99966140135114367 Q=0.0088686811196479563
SCALAR_SEED difference=0 mass0=0.014678215431655945 Q0=2.9032644500196505e-06 phi0=0.023223644394710072 hash=1478259799085282239
SCALAR_COUPLING step=4 sweep=5 R=2.2251115998888725e-15 momentum=1 thermo=1
SCALAR_WORST c=4,2,1 defect=2.2251115998888725e-15 q=0.99966140136184689 Q=0.0068725366195946389
SCALAR_SEED difference=0.00034611175683019191 mass0=0.014677629571644377 Q0=5.6864636403011311e-06 phi0=0.021785419056272501 hash=9830156178296342359
SCALAR_COUPLING step=5 sweep=1 R=2.0858040370029776e-07 momentum=1 thermo=1
SCALAR_WORST c=7,0,3 defect=2.0858040370029776e-07 q=0.99998868832918231 Q=0.010625550293593813
SCALAR_SEED difference=0 mass0=0.014677629571644377 Q0=5.6864636403011311e-06 phi0=0.021785419056272501 hash=9830156178296342359
SCALAR_COUPLING step=5 sweep=2 R=3.0143377443301585e-10 momentum=1 thermo=1
SCALAR_WORST c=7,3,0 defect=3.0143377443301585e-10 q=0.99998827116852795 Q=0.010625550293593793
SCALAR_SEED difference=0 mass0=0.014677629571644377 Q0=5.6864636403011311e-06 phi0=0.021785419056272501 hash=9830156178296342359
SCALAR_COUPLING step=5 sweep=3 R=6.107964868630808e-13 momentum=1 thermo=1
SCALAR_WORST c=4,3,1 defect=6.107964868630808e-13 q=0.99931499742780894 Q=0.0078047960029269609
SCALAR_SEED difference=0 mass0=0.014677629571644377 Q0=5.6864636403011311e-06 phi0=0.021785419056272501 hash=9830156178296342359
SCALAR_COUPLING step=5 sweep=4 R=1.6369410319478281e-15 momentum=1 thermo=1
SCALAR_WORST c=4,0,3 defect=1.6369410319478281e-15 q=0.99931499742641661 Q=0.0088660972941423666
SCALAR_SEED difference=0.00035683154274823714 mass0=0.014677023773022681 Q0=8.3609280711971136e-06 phi0=0.020959726265108072 hash=8403467493957395822
SCALAR_COUPLING step=6 sweep=1 R=2.1639872308533884e-07 momentum=1 thermo=1
SCALAR_WORST c=7,3,0 defect=2.1639872308533884e-07 q=0.99998718294137601 Q=0.010625190570130323
SCALAR_SEED difference=0 mass0=0.014677023773022681 Q0=8.3609280711971136e-06 phi0=0.020959726265108072 hash=8403467493957395822
SCALAR_COUPLING step=6 sweep=2 R=3.1268119049308787e-10 momentum=1 thermo=1
SCALAR_WORST c=7,0,1 defect=3.1268119049308787e-10 q=0.99998675014425087 Q=0.0093533189234030565
SCALAR_SEED difference=0 mass0=0.014677023773022681 Q0=8.3609280711971136e-06 phi0=0.020959726265108072 hash=8403467493957395822
SCALAR_COUPLING step=6 sweep=3 R=5.2491655965321014e-13 momentum=1 thermo=1
SCALAR_WORST c=4,0,2 defect=5.2491655965321014e-13 q=0.99895791446863991 Q=0.0078025329863945954
SCALAR_SEED difference=0 mass0=0.014677023773022681 Q0=8.3609280711971136e-06 phi0=0.020959726265108072 hash=8403467493957395822
SCALAR_COUPLING step=6 sweep=4 R=1.3301356747184391e-15 momentum=1 thermo=1
SCALAR_WORST c=4,1,2 defect=1.3301356747184391e-15 q=0.99895791455617156 Q=0.0068685438754046649
SCALAR_SEED difference=0.00036870968983060415 mass0=0.014676348488094111 Q0=1.0925569551405339e-05 phi0=0.020076731305515197 hash=16453614127308437165
SCALAR_COUPLING step=7 sweep=1 R=1.4506973730164025e-07 momentum=1 thermo=1
SCALAR_WORST c=7,3,3 defect=1.4506973730164025e-07 q=0.99998623684504739 Q=0.010624911106484211
SCALAR_SEED difference=0 mass0=0.014676348488094111 Q0=1.0925569551405339e-05 phi0=0.020076731305515197 hash=16453614127308437165
SCALAR_COUPLING step=7 sweep=2 R=2.0958409134931535e-10 momentum=1 thermo=1
SCALAR_WORST c=7,0,0 defect=2.0958409134931535e-10 q=0.9999859467056762 Q=0.010624908724923282
SCALAR_SEED difference=0 mass0=0.014676348488094111 Q0=1.0925569551405339e-05 phi0=0.020076731305515197 hash=16453614127308437165
SCALAR_COUPLING step=7 sweep=3 R=3.0292924980896856e-13 momentum=1 thermo=1
SCALAR_WORST c=7,0,2 defect=3.0292924980896856e-13 q=0.99998594628670867 Q=0.0093530706734886292
SCALAR_SEED difference=0 mass0=0.014676348488094111 Q0=1.0925569551405339e-05 phi0=0.020076731305515197 hash=16453614127308437165
SCALAR_COUPLING step=7 sweep=4 R=5.7679973532009873e-16 momentum=1 thermo=1
SCALAR_WORST c=4,3,0 defect=5.7679973532009873e-16 q=0.99858913431682961 Q=0.0088609169211617232
SCALAR_SEED difference=0.00037236784432748138 mass0=0.014675646478855194 Q0=1.3448907174939341e-05 phi0=0.020039655973483797 hash=299574963114022064
SCALAR_COUPLING step=8 sweep=1 R=3.988564101632634e-06 momentum=1 thermo=0
SCALAR_WORST c=4,3,0 defect=3.988564101632634e-06 q=0.99821676647250213 Q=0.0088582972461575191
SCALAR_SEED difference=0 mass0=0.014675646478855194 Q0=1.3448907174939341e-05 phi0=0.020039655973483797 hash=299574963114022064
SCALAR_COUPLING step=8 sweep=2 R=8.1607738020248076e-09 momentum=1 thermo=0
SCALAR_WORST c=4,3,3 defect=8.1607738020248076e-09 q=0.99820878938747848 Q=0.008858298238945992
SCALAR_SEED difference=0 mass0=0.014675646478855194 Q0=1.3448907174939341e-05 phi0=0.020039655973483797 hash=299574963114022064
SCALAR_COUPLING step=8 sweep=3 R=1.669671693473521e-11 momentum=1 thermo=0
SCALAR_WORST c=4,0,1 defect=1.669671693473521e-11 q=0.99820877306754685 Q=0.0077979287726451796
SCALAR_SEED difference=0 mass0=0.014675646478855194 Q0=1.3448907174939341e-05 phi0=0.020039655973483797 hash=299574963114022064
SCALAR_COUPLING step=8 sweep=4 R=3.4277037411606312e-14 momentum=1 thermo=0
SCALAR_WORST c=4,3,2 defect=3.4277037411606312e-14 q=0.9982087730341429 Q=0.0077979286538048496
SCALAR_SEED difference=0 mass0=0.014675646478855194 Q0=1.3448907174939341e-05 phi0=0.020039655973483797 hash=299574963114022064
SCALAR_COUPLING step=8 sweep=5 R=3.0219320743152702e-16 momentum=1 thermo=0
SCALAR_WORST c=4,3,0 defect=3.0219320743152702e-16 q=0.99820877303255906 Q=0.0088582972461575191
SCALAR_SEED difference=0.00039244361674573014 mass0=0.014674768302196516 Q0=1.5813741079330358e-05 phi0=0.018284814204130681 hash=16078551113061510138
SCALAR_COUPLING step=9 sweep=1 R=1.5889339672654315e-07 momentum=1 thermo=1
SCALAR_WORST c=3,2,2 defect=-1.5889339672654312e-07 q=1.0489429276735972e-07 Q=9.9621022579907124e-10
SCALAR_SEED difference=0 mass0=0.014674768302196516 Q0=1.5813741079330358e-05 phi0=0.018284814204130681 hash=16078551113061510138
SCALAR_COUPLING step=9 sweep=2 R=3.6288240599226343e-10 momentum=1 thermo=1
SCALAR_WORST c=3,1,2 defect=3.6288240599226343e-10 q=4.2268100961086087e-07 Q=9.9621035263097111e-10
SCALAR_SEED difference=0 mass0=0.014674768302196516 Q0=1.5813741079330358e-05 phi0=0.018284814204130681 hash=16078551113061510138
SCALAR_COUPLING step=9 sweep=3 R=8.3018443807464691e-13 momentum=1 thermo=1
SCALAR_WORST c=3,1,1 defect=-8.3018443807464691e-13 q=4.2195524498148414e-07 Q=9.9621047946287842e-10
SCALAR_SEED difference=0 mass0=0.014674768302196516 Q0=1.5813741079330358e-05 phi0=0.018284814204130681 hash=16078551113061510138
SCALAR_COUPLING step=9 sweep=4 R=1.9042117052203087e-15 momentum=1 thermo=1
SCALAR_WORST c=3,3,3 defect=1.9042117052203087e-15 q=4.2195251275392692e-07 Q=1.2855621469244353e-09
SCALAR_SEED difference=0.00040353257252445651 mass0=0.014673864098844443 Q0=1.8058090024400693e-05 phi0=0.017445845207008141 hash=6188891045833850526
SCALAR_COUPLING step=10 sweep=1 R=2.5407239721495839e-07 momentum=1 thermo=1
SCALAR_WORST c=3,2,1 defect=-2.5407239721495839e-07 q=5.4315609581727067e-07 Q=5.1585502974272291e-09
SCALAR_SEED difference=0 mass0=0.014673864098844443 Q0=1.8058090024400693e-05 phi0=0.017445845207008141 hash=6188891045833850526
SCALAR_COUPLING step=10 sweep=2 R=5.8037536254975779e-10 momentum=1 thermo=1
SCALAR_WORST c=3,2,2 defect=5.803753625497579e-10 q=1.0513007309673611e-06 Q=5.158549640660707e-09
SCALAR_SEED difference=0 mass0=0.014673864098844443 Q0=1.8058090024400693e-05 phi0=0.017445845207008141 hash=6188891045833850526
SCALAR_COUPLING step=10 sweep=3 R=1.3271596855581584e-12 momentum=1 thermo=1
SCALAR_WORST c=3,0,1 defect=-1.3271596855581584e-12 q=1.0501320622996656e-06 Q=5.859951358086034e-09
SCALAR_SEED difference=0 mass0=0.014673864098844443 Q0=1.8058090024400693e-05 phi0=0.017445845207008141 hash=6188891045833850526
SCALAR_COUPLING step=10 sweep=4 R=3.0371129842670508e-15 momentum=1 thermo=1
SCALAR_WORST c=3,1,0 defect=3.0371129842670508e-15 q=1.0501425729850855e-06 Q=5.8600136905434432e-09
SCALAR_SEED difference=0.00041331941622446688 mass0=0.014672893237484894 Q0=2.0202500961253899e-05 phi0=0.01669145904516563 hash=2325468988666501523
SCALAR_COUPLING step=11 sweep=1 R=3.4079666038628529e-07 momentum=1 thermo=1
SCALAR_WORST c=3,3,1 defect=-3.4079666038628529e-07 q=1.2694076682465784e-06 Q=1.3695480883701303e-08
SCALAR_SEED difference=0 mass0=0.014672893237484894 Q0=2.0202500961253899e-05 phi0=0.01669145904516563 hash=2325468988666501523
SCALAR_COUPLING step=11 sweep=2 R=7.7839339198438927e-10 momentum=1 thermo=1
SCALAR_WORST c=3,3,1 defect=7.7839339198438927e-10 q=1.9510007294985153e-06 Q=1.3695480883701303e-08
SCALAR_SEED difference=0 mass0=0.014672893237484894 Q0=2.0202500961253899e-05 phi0=0.01669145904516563 hash=2325468988666501523
SCALAR_COUPLING step=11 sweep=3 R=1.7791611690796962e-12 momentum=1 thermo=1
SCALAR_WORST c=3,3,3 defect=-1.7791611690796962e-12 q=1.9494438533294353e-06 Q=1.5557802232730375e-08
SCALAR_SEED difference=0 mass0=0.014672893237484894 Q0=2.0202500961253899e-05 phi0=0.01669145904516563 hash=2325468988666501523
SCALAR_COUPLING step=11 sweep=4 R=4.0680643904117255e-15 momentum=1 thermo=1
SCALAR_WORST c=3,3,3 defect=4.0680643904117255e-15 q=1.9494474116504159e-06 Q=1.5557802232730375e-08
SCALAR_CONTRACT ranks=1 stretched=1 near_pure=1 family=EOS_species uniform=0 dt=0.000125 ran=1 history=1 constant=1 bounded=0 eos=1 conservation=1 inventory_relative_defect=1.3425303084e-14 constant_error=4.16333634234e-16 eos_error=4.37245944981e-16 minimum=2.39224699387e-09 maximum=0.999999989959 coupling_sweeps=5 remap_iterations=9 scalar_residual=4.06806439041e-15 mass_pairing=3.52575388135e-16
SCALAR_SEED difference=0.20000000000000004 mass0=0.013639473247723428 Q0=0.0027278946495446856 phi0=0.025022486753590794 hash=11967470223171539907
SCALAR_COUPLING step=4 sweep=1 R=5.7506108478686423e-17 momentum=1 thermo=1
SCALAR_WORST c=0,3,0 defect=5.7506108478686423e-17 q=0.20000000000000001 Q=0.002727894955271884
SCALAR_SEED difference=1.1102230246251565e-16 mass0=0.013639403976721455 Q0=0.0027278807953442911 phi0=0.023794932850954294 hash=12570000932827638647
SCALAR_COUPLING step=5 sweep=1 R=7.2045587116652267e-17 momentum=1 thermo=1
SCALAR_WORST c=2,0,1 defect=7.2045587116652267e-17 q=0.20000000000000001 Q=0.0021212390711838817
SCALAR_SEED difference=8.3266726846886741e-17 mass0=0.013639337520840738 Q0=0.002727867504168147 phi0=0.023196420972529167 hash=1385462570903351135
SCALAR_COUPLING step=6 sweep=1 R=6.7611282556302131e-17 momentum=1 thermo=1
SCALAR_WORST c=2,2,2 defect=-6.7611282556302131e-17 q=0.1999999999999999 Q=0.0018672956354653495
SCALAR_SEED difference=1.1102230246251565e-16 mass0=0.013639251557243361 Q0=0.0027278503114486707 phi0=0.022618674691615857 hash=17652751369448611107
SCALAR_COUPLING step=7 sweep=1 R=6.2520617007683646e-17 momentum=1 thermo=1
SCALAR_WORST c=6,2,3 defect=6.2520617007683646e-17 q=0.19999999999999996 Q=0.0022842026692778102
SCALAR_SEED difference=1.1102230246251565e-16 mass0=0.013639146064562485 Q0=0.0027278292129124956 phi0=0.022068120503450347 hash=1793675278162210403
SCALAR_COUPLING step=8 sweep=1 R=6.1904374612046718e-17 momentum=1 thermo=1
SCALAR_WORST c=2,3,0 defect=-6.1904374612046718e-17 q=0.19999999999999996 Q=0.002409562902880026
SCALAR_SEED difference=8.3266726846886741e-17 mass0=0.013639021509585295 Q0=0.0027278043019170585 phi0=0.02155127768898122 hash=9459315677341871803
SCALAR_COUPLING step=9 sweep=1 R=6.2566559900886174e-17 momentum=1 thermo=1
SCALAR_WORST c=4,3,3 defect=-6.2566559900886174e-17 q=0.19999999999999998 Q=0.0022767718047164796
SCALAR_SEED difference=8.3266726846886741e-17 mass0=0.013638878627014565 Q0=0.0027277757254029126 phi0=0.021074523400200412 hash=18286109447370206971
SCALAR_COUPLING step=10 sweep=1 R=8.5656154725830416e-17 momentum=1 thermo=1
SCALAR_WORST c=5,0,2 defect=8.5656154725830416e-17 q=0.20000000000000007 Q=0.0021201499698224194
SCALAR_SEED difference=1.1102230246251565e-16 mass0=0.013638718361903302 Q0=0.0027277436723806598 phi0=0.020644001664646118 hash=8175426537341291431
SCALAR_COUPLING step=11 sweep=1 R=8.3232943290207551e-17 momentum=1 thermo=1
SCALAR_WORST c=4,0,1 defect=-8.3232943290207551e-17 q=0.19999999999999965 Q=0.0020042924161561837
SCALAR_CONTRACT ranks=1 stretched=1 near_pure=1 family=EOS_species uniform=1 dt=0.000125 ran=1 history=1 constant=1 bounded=1 eos=1 conservation=1 inventory_relative_defect=2.80629313803e-16 constant_error=3.88578058619e-16 eos_error=4.70715679429e-16 minimum=0.2 maximum=0.2 coupling_sweeps=1 remap_iterations=0 scalar_residual=8.56561547258e-17 mass_pairing=3.97149057551e-16
STRICT_SCALAR_ACCEPTANCE FAIL correction_active_checked=1
-------------------------------------------------------
Primary job  terminated normally, but 1 process returned
a non-zero exit code.. Per user-direction, the job has been aborted.
-------------------------------------------------------
--------------------------------------------------------------------------
mpirun detected that one or more processes exited with non-zero status, thus causing
the job to be terminated. The first process to do so was:

  Process name: [[24074,1],0]
  Exit code:    1
--------------------------------------------------------------------------
