SCALAR_COUPLING step=4 sweep=1 R=0 momentum=1 thermo=1
SCALAR_WORST c=0,0,0 defect=0 q=0 Q=0
SCALAR_COUPLING step=5 sweep=1 R=0 momentum=1 thermo=0
SCALAR_WORST c=0,0,0 defect=0 q=0 Q=0
SCALAR_COUPLING step=6 sweep=1 R=0 momentum=1 thermo=0
SCALAR_WORST c=0,0,0 defect=0 q=0 Q=0
SCALAR_COUPLING step=7 sweep=1 R=0 momentum=1 thermo=1
SCALAR_WORST c=0,0,0 defect=0 q=0 Q=0
SCALAR_COUPLING step=8 sweep=1 R=0 momentum=1 thermo=0
SCALAR_WORST c=0,0,0 defect=0 q=0 Q=0
SCALAR_COUPLING step=9 sweep=1 R=0 momentum=1 thermo=1
SCALAR_WORST c=0,0,0 defect=0 q=0 Q=0
SCALAR_COUPLING step=10 sweep=1 R=0 momentum=1 thermo=0
SCALAR_WORST c=0,0,0 defect=0 q=0 Q=0
SCALAR_COUPLING step=11 sweep=1 R=0 momentum=1 thermo=1
SCALAR_WORST c=0,0,0 defect=0 q=0 Q=0
SCALAR_CONTRACT ranks=1 stretched=1 near_pure=1 family=passive uniform=0 dt=0.000125 ran=1 history=1 constant=1 bounded=1 eos=1 conservation=1 inventory_relative_defect=2.46364699654e-16 constant_error=2.63677968348e-15 eos_error=2.013569353e-16 minimum=1e-08 maximum=0.999999989961 coupling_sweeps=1 remap_iterations=3 scalar_residual=0 mass_pairing=4.11426462749e-15
SCALAR_COUPLING step=4 sweep=1 R=0 momentum=1 thermo=1
SCALAR_WORST c=0,0,0 defect=0 q=0 Q=0
SCALAR_COUPLING step=5 sweep=1 R=0 momentum=1 thermo=1
SCALAR_WORST c=0,0,0 defect=0 q=0 Q=0
SCALAR_COUPLING step=6 sweep=1 R=0 momentum=1 thermo=1
SCALAR_WORST c=0,0,0 defect=0 q=0 Q=0
SCALAR_COUPLING step=7 sweep=1 R=0 momentum=1 thermo=1
SCALAR_WORST c=0,0,0 defect=0 q=0 Q=0
SCALAR_COUPLING step=8 sweep=1 R=0 momentum=1 thermo=1
SCALAR_WORST c=0,0,0 defect=0 q=0 Q=0
SCALAR_COUPLING step=9 sweep=1 R=0 momentum=1 thermo=1
SCALAR_WORST c=0,0,0 defect=0 q=0 Q=0
SCALAR_COUPLING step=10 sweep=1 R=0 momentum=1 thermo=1
SCALAR_WORST c=0,0,0 defect=0 q=0 Q=0
SCALAR_COUPLING step=11 sweep=1 R=0 momentum=1 thermo=1
SCALAR_WORST c=0,0,0 defect=0 q=0 Q=0
SCALAR_CONTRACT ranks=1 stretched=1 near_pure=1 family=passive uniform=1 dt=0.000125 ran=1 history=1 constant=1 bounded=1 eos=1 conservation=1 inventory_relative_defect=3.16853679486e-16 constant_error=3.05311331772e-16 eos_error=2.013569353e-16 minimum=0.2 maximum=0.2 coupling_sweeps=1 remap_iterations=0 scalar_residual=0 mass_pairing=3.93214594488e-15
SCALAR_SEED difference=0.99999998999999995 mass0=0.014678215431655945 Q0=2.9032644500196505e-06 phi0=0.023223644394710072 hash=1478259799085282239
SCALAR_COUPLING step=4 sweep=1 R=5.6485171790545463e-06 momentum=1 thermo=1
SCALAR_WORST c=4,3,3 defect=5.6485171790545463e-06 q=0.99967274855504407 Q=0.0088686821136002084
SCALAR_SEED difference=0 mass0=0.014678215431655945 Q0=2.9032644500196505e-06 phi0=0.023223644394710072 hash=1478259799085282239
SCALAR_COUPLING step=4 sweep=2 R=2.4703704535215475e-08 momentum=1 thermo=1
SCALAR_WORST c=4,0,0 defect=2.4703704535215475e-08 q=0.99966145162209374 Q=0.0088686801256958117
SCALAR_SEED difference=0 mass0=0.014678215431655945 Q0=2.9032644500196505e-06 phi0=0.023223644394710072 hash=1478259799085282239
SCALAR_COUPLING step=4 sweep=3 R=1.0803924572676154e-10 momentum=1 thermo=1
SCALAR_WORST c=4,3,0 defect=1.0803924572676154e-10 q=0.99966140221512578 Q=0.0088686811196479563
SCALAR_SEED difference=0 mass0=0.014678215431655945 Q0=2.9032644500196505e-06 phi0=0.023223644394710072 hash=1478259799085282239
SCALAR_COUPLING step=4 sweep=4 R=4.7274447075341601e-13 momentum=1 thermo=1
SCALAR_WORST c=4,1,2 defect=4.7274447075341601e-13 q=0.99966140205497878 Q=0.0068725366195946389
SCALAR_SEED difference=0 mass0=0.014678215431655945 Q0=2.9032644500196505e-06 phi0=0.023223644394710072 hash=1478259799085282239
SCALAR_COUPLING step=4 sweep=5 R=2.1367407446904801e-15 momentum=1 thermo=1
SCALAR_WORST c=4,0,1 defect=2.1367407446904801e-15 q=0.99966140199837505 Q=0.0078070696609655842
SCALAR_SEED difference=0.00034611067552703378 mass0=0.014677629556015296 Q0=5.6864698433702903e-06 phi0=0.02178549343897649 hash=13707399377025997001
SCALAR_COUPLING step=5 sweep=1 R=2.0854690189143159e-07 momentum=1 thermo=1
SCALAR_WORST c=7,3,3 defect=2.0854690189143159e-07 q=0.9999886889120958 Q=0.010625551466478683
SCALAR_SEED difference=0 mass0=0.014677629556015296 Q0=5.6864698433702903e-06 phi0=0.02178549343897649 hash=13707399377025997001
SCALAR_COUPLING step=5 sweep=2 R=3.0138915989896243e-10 momentum=1 thermo=1
SCALAR_WORST c=7,3,2 defect=3.0138915989896243e-10 q=0.99998827181875727 Q=0.0093536354283739673
SCALAR_SEED difference=0 mass0=0.014677629556015296 Q0=5.6864698433702903e-06 phi0=0.02178549343897649 hash=13707399377025997001
SCALAR_COUPLING step=5 sweep=3 R=6.10514287315605e-13 momentum=1 thermo=1
SCALAR_WORST c=4,3,2 defect=6.10514287315605e-13 q=0.99931499933832335 Q=0.0078047950423708237
SCALAR_SEED difference=0 mass0=0.014677629556015296 Q0=5.6864698433702903e-06 phi0=0.02178549343897649 hash=13707399377025997001
SCALAR_COUPLING step=5 sweep=4 R=1.5363626205514433e-15 momentum=1 thermo=1
SCALAR_WORST c=4,0,3 defect=1.5363626205514433e-15 q=0.99931499934481582 Q=0.008866097331749449
SCALAR_SEED difference=0.00035682946201298638 mass0=0.014677023742626579 Q0=8.3609471904340791e-06 phi0=0.020959856419116681 hash=18096150079073257259
SCALAR_COUPLING step=6 sweep=1 R=2.1635457691865065e-07 momentum=1 thermo=1
SCALAR_WORST c=7,3,3 defect=2.1635457691865065e-07 q=0.99998718366197381 Q=0.010625191717501136
SCALAR_SEED difference=0 mass0=0.014677023742626579 Q0=8.3609471904340791e-06 phi0=0.020959856419116681 hash=18096150079073257259
SCALAR_COUPLING step=6 sweep=2 R=3.1262143212013398e-10 momentum=1 thermo=1
SCALAR_WORST c=7,3,0 defect=3.1262143212013398e-10 q=0.99998675095300182 Q=0.010625190526689109
SCALAR_SEED difference=0 mass0=0.014677023742626579 Q0=8.3609471904340791e-06 phi0=0.020959856419116681 hash=18096150079073257259
SCALAR_COUPLING step=6 sweep=3 R=5.2441697465515704e-13 momentum=1 thermo=1
SCALAR_WORST c=4,2,1 defect=5.2441697465515704e-13 q=0.99895791907756537 Q=0.0068685439356170547
SCALAR_SEED difference=0 mass0=0.014677023742626579 Q0=8.3609471904340791e-06 phi0=0.020959856419116681 hash=18096150079073257259
SCALAR_COUPLING step=6 sweep=4 R=1.3957486488771657e-15 momentum=1 thermo=1
SCALAR_WORST c=4,3,2 defect=1.3957486488771657e-15 q=0.99895791872684292 Q=0.0078025339276352954
SCALAR_SEED difference=0.0003687060983069701 mass0=0.014676348439973889 Q0=1.0925609869545698e-05 phi0=0.020076934003617011 hash=6878946131553611162
SCALAR_COUPLING step=7 sweep=1 R=1.451986371809376e-07 momentum=1 thermo=1
SCALAR_WORST c=7,0,2 defect=1.451986371809376e-07 q=0.99998623773380901 Q=0.0093530706008645801
SCALAR_SEED difference=0 mass0=0.014676348439973889 Q0=1.0925609869545698e-05 phi0=0.020076934003617011 hash=6878946131553611162
SCALAR_COUPLING step=7 sweep=2 R=2.0977351890962893e-10 momentum=1 thermo=1
SCALAR_WORST c=7,0,1 defect=2.0977351890962893e-10 q=0.99998594733663604 Q=0.0093530717916450023
SCALAR_SEED difference=0 mass0=0.014676348439973889 Q0=1.0925609869545698e-05 phi0=0.020076934003617011 hash=6878946131553611162
SCALAR_COUPLING step=7 sweep=3 R=3.0341992844479118e-13 momentum=1 thermo=1
SCALAR_WORST c=7,1,3 defect=3.0341992844479118e-13 q=0.99998594699801313 Q=0.0093530728394455708
SCALAR_SEED difference=0 mass0=0.014676348439973889 Q0=1.0925609869545698e-05 phi0=0.020076934003617011 hash=6878946131553611162
SCALAR_COUPLING step=7 sweep=4 R=6.7666194998090402e-16 momentum=1 thermo=1
SCALAR_WORST c=7,1,2 defect=6.7666194998090402e-16 q=0.99998594699786647 Q=0.0082334769871606813
SCALAR_SEED difference=0.00037236348657065932 mass0=0.014675646406998113 Q0=1.3448968676948307e-05 phi0=0.020039825730208682 hash=6298282075200427045
SCALAR_COUPLING step=8 sweep=1 R=3.9882285258489017e-06 momentum=1 thermo=0
SCALAR_WORST c=4,0,2 defect=3.9882285258489017e-06 q=0.9982167792730271 Q=0.0077979279416196959
SCALAR_SEED difference=0 mass0=0.014675646406998113 Q0=1.3448968676948307e-05 phi0=0.020039825730208682 hash=6298282075200427045
SCALAR_COUPLING step=8 sweep=2 R=8.1777178250301676e-09 momentum=1 thermo=0
SCALAR_WORST c=4,3,3 defect=8.1777178250301676e-09 q=0.99820880253619049 Q=0.0088582984224456329
SCALAR_SEED difference=0 mass0=0.014675646406998113 Q0=1.3448968676948307e-05 phi0=0.020039825730208682 hash=6298282075200427045
SCALAR_COUPLING step=8 sweep=3 R=3.6673155827765823e-11 momentum=1 thermo=0
SCALAR_WORST c=4,2,0 defect=3.6673155827765823e-11 q=0.99820878730662777 Q=0.0077979279460581828
SCALAR_SEED difference=0 mass0=0.014675646406998113 Q0=1.3448968676948307e-05 phi0=0.020039825730208682 hash=6298282075200427045
SCALAR_COUPLING step=8 sweep=4 R=1.9910228243965695e-11 momentum=1 thermo=0
SCALAR_WORST c=4,2,0 defect=-1.9910228243965695e-11 q=0.99820878723328188 Q=0.0077979279460581828
SCALAR_SEED difference=0 mass0=0.014675646406998113 Q0=1.3448968676948307e-05 phi0=0.020039825730208682 hash=6298282075200427045
SCALAR_COUPLING step=8 sweep=5 R=1.9944238671935021e-11 momentum=1 thermo=0
SCALAR_WORST c=4,2,0 defect=1.9944238671935021e-11 q=0.99820878727310214 Q=0.0077979279460581828
SCALAR_SEED difference=0 mass0=0.014675646406998113 Q0=1.3448968676948307e-05 phi0=0.020039825730208682 hash=6298282075200427045
SCALAR_COUPLING step=8 sweep=6 R=1.9944215481756798e-11 momentum=1 thermo=0
SCALAR_WORST c=4,2,0 defect=-1.9944215481756798e-11 q=0.99820878723321382 Q=0.0077979279460581828
SCALAR_SEED difference=0 mass0=0.014675646406998113 Q0=1.3448968676948307e-05 phi0=0.020039825730208682 hash=6298282075200427045
SCALAR_COUPLING step=8 sweep=7 R=1.9944438181006816e-11 momentum=1 thermo=0
SCALAR_WORST c=4,2,0 defect=1.9944438181006816e-11 q=0.99820878727310203 Q=0.0077979279460581828
SCALAR_SEED difference=0 mass0=0.014675646406998113 Q0=1.3448968676948307e-05 phi0=0.020039825730208682 hash=6298282075200427045
SCALAR_COUPLING step=8 sweep=8 R=1.9944322880526112e-11 momentum=1 thermo=0
SCALAR_WORST c=4,2,0 defect=-1.9944322880526112e-11 q=0.99820878723321338 Q=0.0077979279460581828
SCALAR_SEED difference=0 mass0=0.014675646406998113 Q0=1.3448968676948307e-05 phi0=0.020039825730208682 hash=6298282075200427045
SCALAR_COUPLING step=8 sweep=9 R=1.994430364791941e-11 momentum=1 thermo=0
SCALAR_WORST c=4,2,0 defect=1.994430364791941e-11 q=0.99820878727310181 Q=0.0077979279460581828
SCALAR_SEED difference=0 mass0=0.014675646406998113 Q0=1.3448968676948307e-05 phi0=0.020039825730208682 hash=6298282075200427045
SCALAR_COUPLING step=8 sweep=10 R=1.9944433911661633e-11 momentum=1 thermo=0
SCALAR_WORST c=4,2,0 defect=-1.9944433911661633e-11 q=0.99820878723321338 Q=0.0077979279460581828
SCALAR_SEED difference=0 mass0=0.014675646406998113 Q0=1.3448968676948307e-05 phi0=0.020039825730208682 hash=6298282075200427045
SCALAR_COUPLING step=8 sweep=11 R=1.9944434196246822e-11 momentum=1 thermo=0
SCALAR_WORST c=4,2,0 defect=1.9944434196246822e-11 q=0.99820878727310203 Q=0.0077979279460581828
SCALAR_SEED difference=0 mass0=0.014675646406998113 Q0=1.3448968676948307e-05 phi0=0.020039825730208682 hash=6298282075200427045
SCALAR_COUPLING step=8 sweep=12 R=1.9944293171023047e-11 momentum=1 thermo=0
SCALAR_WORST c=4,2,0 defect=-1.9944293171023047e-11 q=0.99820878723321338 Q=0.0077979279460581828
SCALAR_SEED difference=0 mass0=0.014675646406998113 Q0=1.3448968676948307e-05 phi0=0.020039825730208682 hash=6298282075200427045
SCALAR_COUPLING step=8 sweep=13 R=1.9944133143563204e-11 momentum=1 thermo=0
SCALAR_WORST c=4,2,0 defect=1.9944133143563204e-11 q=0.99820878727310169 Q=0.0077979279460581828
SCALAR_SEED difference=0 mass0=0.014675646406998113 Q0=1.3448968676948307e-05 phi0=0.020039825730208682 hash=6298282075200427045
SCALAR_COUPLING step=8 sweep=14 R=1.9944265087952607e-11 momentum=1 thermo=0
SCALAR_WORST c=4,2,0 defect=-1.9944265087952607e-11 q=0.9982087872332136 Q=0.0077979279460581828
SCALAR_SEED difference=0 mass0=0.014675646406998113 Q0=1.3448968676948307e-05 phi0=0.020039825730208682 hash=6298282075200427045
SCALAR_COUPLING step=8 sweep=15 R=1.9944514081197179e-11 momentum=1 thermo=0
SCALAR_WORST c=4,2,0 defect=1.9944514081197179e-11 q=0.99820878727310192 Q=0.0077979279460581828
SCALAR_SEED difference=0 mass0=0.014675646406998113 Q0=1.3448968676948307e-05 phi0=0.020039825730208682 hash=6298282075200427045
SCALAR_COUPLING step=8 sweep=16 R=1.9944441176394155e-11 momentum=1 thermo=0
SCALAR_WORST c=4,2,0 defect=-1.9944441176394155e-11 q=0.99820878723321316 Q=0.0077979279460581828
scalar_advance_failure species=1 uniform=0 dt=0.000125 step=4 status=6/10216 sweeps=16 species_residual=1.99444e-11 remap_residual=7.09938e-17 mass_pairing=2.93636e-16 energy=1.39855e-16
SCALAR_CONTRACT ranks=1 stretched=1 near_pure=1 family=EOS_species uniform=0 dt=0.000125 ran=0 history=0 constant=0 bounded=0 eos=0 conservation=0 inventory_relative_defect=4.19989874891e-15 constant_error=1.85962356625e-15 eos_error=4.02706720637e-16 minimum=2.39214884239e-09 maximum=0.999999989959 coupling_sweeps=5 remap_iterations=6 scalar_residual=2.13674074469e-15 mass_pairing=4.65051412138e-15
SCALAR_SEED difference=0.20000000000000004 mass0=0.013639473247723428 Q0=0.0027278946495446856 phi0=0.025022486753590794 hash=11967470223171539907
SCALAR_COUPLING step=4 sweep=1 R=6.0805373591545778e-17 momentum=1 thermo=1
SCALAR_WORST c=1,0,2 defect=-6.0805373591545778e-17 q=0.20000000000000001 Q=0.0022856076735317129
SCALAR_SEED difference=8.3266726846886741e-17 mass0=0.013639403958187498 Q0=0.0027278807916375006 phi0=0.023794980875160288 hash=10189998127336161715
SCALAR_COUPLING step=5 sweep=1 R=1.9341007767984745e-16 momentum=1 thermo=1
SCALAR_WORST c=4,0,1 defect=-1.9341007767984745e-16 q=0.19999999999999996 Q=0.0020041533947167561
SCALAR_SEED difference=8.3266726846886741e-17 mass0=0.013639337484817004 Q0=0.002727867496963402 phi0=0.023196509707836287 hash=1300113438006187099
SCALAR_COUPLING step=6 sweep=1 R=3.0558169079441426e-16 momentum=1 thermo=1
SCALAR_WORST c=2,0,3 defect=3.0558169079441426e-16 q=0.20000000000000001 Q=0.0024096563788225858
SCALAR_SEED difference=8.3266726846886741e-17 mass0=0.013639251499740844 Q0=0.00272785029994817 phi0=0.022618817686345046 hash=18031894903301609267
SCALAR_COUPLING step=7 sweep=1 R=4.641039110509116e-16 momentum=1 thermo=1
SCALAR_WORST c=5,2,0 defect=-4.641039110509116e-16 q=0.20000000000000001 Q=0.0021199829698692742
SCALAR_SEED difference=8.3266726846886741e-17 mass0=0.013639145981735563 Q0=0.0027278291963471137 phi0=0.022068328082055874 hash=16546859215001068135
SCALAR_COUPLING step=8 sweep=1 R=6.3471683238645429e-16 momentum=1 thermo=1
SCALAR_WORST c=5,1,2 defect=-6.3471683238645429e-16 q=0.19999999999999998 Q=0.0018662557767133868
SCALAR_SEED difference=8.3266726846886741e-17 mass0=0.013639021396655161 Q0=0.0027278042793310348 phi0=0.021551557806331025 hash=2202226718110010543
SCALAR_COUPLING step=9 sweep=1 R=7.0883050531296856e-16 momentum=1 thermo=1
SCALAR_WORST c=5,0,3 defect=-7.0883050531296856e-16 q=0.20000000000000001 Q=0.0024083777586806944
SCALAR_SEED difference=1.1102230246251565e-16 mass0=0.013638878475526811 Q0=0.0027277756951053643 phi0=0.021074882191265264 hash=16665700912465224863
SCALAR_COUPLING step=10 sweep=1 R=8.3067054653719442e-16 momentum=1 thermo=1
SCALAR_WORST c=5,3,3 defect=-8.3067054653719442e-16 q=0.19999999999999984 Q=0.0024084501757500078
SCALAR_SEED difference=8.3266726846886741e-17 mass0=0.013638718154076343 Q0=0.002727743630815271 phi0=0.020644444619216679 hash=14370188411932749811
SCALAR_COUPLING step=11 sweep=1 R=9.2923680971424172e-16 momentum=1 thermo=1
SCALAR_WORST c=5,3,3 defect=-9.2923680971424172e-16 q=0.19999999999999982 Q=0.0024085296291155374
SCALAR_CONTRACT ranks=1 stretched=1 near_pure=1 family=EOS_species uniform=1 dt=0.000125 ran=1 history=1 constant=1 bounded=1 eos=1 conservation=1 inventory_relative_defect=4.17449269253e-16 constant_error=3.88578058619e-16 eos_error=3.1377007417e-16 minimum=0.2 maximum=0.2 coupling_sweeps=1 remap_iterations=0 scalar_residual=9.29236809714e-16 mass_pairing=4.63245030366e-15
STRICT_SCALAR_ACCEPTANCE FAIL correction_active_checked=1
-------------------------------------------------------
Primary job  terminated normally, but 1 process returned
a non-zero exit code.. Per user-direction, the job has been aborted.
-------------------------------------------------------
--------------------------------------------------------------------------
mpirun detected that one or more processes exited with non-zero status, thus causing
the job to be terminated. The first process to do so was:

  Process name: [[22739,1],0]
  Exit code:    1
--------------------------------------------------------------------------
