SCALAR_OUTER 1 0 7.9947334756123167e-17 2.8680477648602302e-16
SCALAR_OUTER 1 0 1.5321025202451047e-15 1.4851809262425033e-15
SCALAR_OUTER 1 0 4.9216799015784601e-15 2.7478506398423313e-15
SCALAR_OUTER 1 0 3.8239022433443322e-17 3.9203538885604866e-15
SCALAR_OUTER 1 0 4.2415468573744823e-17 3.4392592911919873e-16
SCALAR_OUTER 1 0 4.1617585602391446e-17 2.9715999662933119e-16
SCALAR_OUTER 1 0 4.493215157877839e-17 2.7074815618663677e-16
SCALAR_OUTER 1 0 4.3925207104617774e-17 2.3575808572925764e-16
SCALAR_CONTRACT ranks=1 stretched=1 near_pure=0 family=passive uniform=0 dt=0.000125 ran=1 history=1 constant=1 bounded=1 eos=1 conservation=1 inventory_relative_defect=6.15239097671e-15 constant_error=4.82947015712e-15 eos_error=2.013569353e-16 coupling_sweeps=1 remap_iterations=2 scalar_residual=0 mass_pairing=3.92035388856e-15
SCALAR_OUTER 1 0 4.2701642575488555e-17 3.5485970845379162e-16
SCALAR_OUTER 1 0 4.4860079906953568e-17 2.47271954782445e-16
SCALAR_OUTER 1 0 4.7405721968697604e-17 2.9701756077032064e-16
SCALAR_OUTER 1 0 6.1086497107740418e-17 3.6698323431235735e-16
SCALAR_OUTER 1 0 1.0429390827011329e-16 3.0498329579953067e-16
SCALAR_OUTER 1 0 1.3309793034448756e-16 3.619879821030137e-16
SCALAR_OUTER 1 0 1.8697229014704544e-16 3.934753462701577e-16
SCALAR_OUTER 1 0 2.3548904397141381e-16 3.7092680858979791e-16
SCALAR_OUTER 1 0 2.8183392068540394e-16 3.5096025173903661e-16
SCALAR_OUTER 1 0 3.3744443208842583e-16 3.6253696944656504e-16
SCALAR_OUTER 1 0 3.9900080361440361e-16 4.110071098908058e-16
SCALAR_OUTER 1 0 4.5240356447241719e-16 3.930114695790677e-16
SCALAR_OUTER 1 0 5.0700489432975494e-16 4.2507359956898855e-16
SCALAR_OUTER 1 0 5.5363418788567619e-16 4.2409781225717484e-16
SCALAR_OUTER 1 0 5.9501618992921043e-16 4.7794450647959255e-16
SCALAR_OUTER 1 0 6.3832567187255409e-16 4.8623854598338272e-16
SCALAR_CONTRACT ranks=1 stretched=1 near_pure=0 family=passive uniform=0 dt=6.25e-05 ran=1 history=1 constant=1 bounded=1 eos=1 conservation=1 inventory_relative_defect=4.26756934759e-15 constant_error=1.74860126378e-15 eos_error=2.01357722692e-16 coupling_sweeps=1 remap_iterations=2 scalar_residual=0 mass_pairing=4.86238545983e-16
SCALAR_OUTER 1 0 4.4968376561179098e-17 6.8682554588173377e-16
SCALAR_OUTER 1 0 3.9274996993637052e-17 2.4951598151044804e-16
SCALAR_OUTER 1 0 4.4383549956473381e-17 2.2324644428994011e-16
SCALAR_OUTER 1 0 4.3918306717227243e-17 2.9619626115714416e-16
SCALAR_OUTER 1 0 4.2989136643091994e-17 2.4536856420109531e-16
SCALAR_OUTER 1 0 4.4324653728345896e-17 3.240327147279031e-16
SCALAR_OUTER 1 0 4.4782989690578938e-17 3.1964702580733058e-16
SCALAR_OUTER 1 0 4.475035308969968e-17 2.5221952966747173e-16
SCALAR_OUTER 1 0 4.2693914310489039e-17 3.1338720696777252e-16
SCALAR_OUTER 1 0 4.3983760793943385e-17 3.0227476577635066e-16
SCALAR_OUTER 1 0 4.3930915487917515e-17 2.344300395047717e-16
SCALAR_OUTER 1 0 4.3540421900589531e-17 3.0341255325775214e-16
SCALAR_OUTER 1 0 4.1915037392872238e-17 2.6619144227344396e-16
SCALAR_OUTER 1 0 4.4869018429567338e-17 2.2747851832150034e-16
SCALAR_OUTER 1 0 4.3301986195464279e-17 2.6643479873390196e-16
SCALAR_OUTER 1 0 4.4858784689542114e-17 3.0528722026235703e-16
SCALAR_OUTER 1 0 4.4085116106024783e-17 2.5720505416351733e-16
SCALAR_OUTER 1 0 4.4896957208134061e-17 2.7771568440880584e-16
SCALAR_OUTER 1 0 4.3697892694948383e-17 2.5569107102547872e-16
SCALAR_OUTER 1 0 4.503623679533197e-17 3.2127240136353217e-16
SCALAR_OUTER 1 0 4.3776743444531765e-17 2.4814229871988435e-16
SCALAR_OUTER 1 0 4.2006594526171474e-17 2.6208780045206856e-16
SCALAR_OUTER 1 0 4.4354084886008884e-17 2.5734970006674275e-16
SCALAR_OUTER 1 0 4.1733649388665115e-17 3.1792363384791325e-16
SCALAR_OUTER 1 0 4.4923324193210909e-17 2.5057665912361506e-16
SCALAR_OUTER 1 0 4.2515905889997985e-17 2.7847491205340575e-16
SCALAR_OUTER 1 0 4.1949184160969743e-17 2.5904144318853195e-16
SCALAR_OUTER 1 0 4.3739799469227009e-17 2.3889514679756313e-16
SCALAR_OUTER 1 0 4.5047918768716414e-17 2.716094974052105e-16
SCALAR_OUTER 1 0 4.4764773888224839e-17 2.5107177743456712e-16
SCALAR_OUTER 1 0 4.4364255695479692e-17 2.9977748373254144e-16
SCALAR_OUTER 1 0 4.4100286403184297e-17 3.6069012527241746e-16
SCALAR_CONTRACT ranks=1 stretched=1 near_pure=0 family=passive uniform=0 dt=3.125e-05 ran=1 history=1 constant=1 bounded=1 eos=1 conservation=1 inventory_relative_defect=3.45218926986e-16 constant_error=1.05471187339e-15 eos_error=2.01357911244e-16 coupling_sweeps=1 remap_iterations=2 scalar_residual=0 mass_pairing=6.86825545882e-16
SCALAR_ORDER family=passive order=1.92101549249 accepted=1
SCALAR_OUTER 1 0 3.1590345167053399e-16 2.8680477648602302e-16
SCALAR_OUTER 1 0 1.4953577281648649e-15 1.4851809262425033e-15
SCALAR_OUTER 1 0 2.8022542170784301e-15 2.7478506398423313e-15
SCALAR_OUTER 1 0 3.9689719946509282e-15 3.9203538885604866e-15
SCALAR_OUTER 1 0 3.0302310376520902e-16 3.4392592911919873e-16
SCALAR_OUTER 1 0 3.9683864525894009e-16 2.9715999662933119e-16
SCALAR_OUTER 1 0 3.2509170614002674e-16 2.7074815618663677e-16
SCALAR_OUTER 1 0 2.8306121811716255e-16 2.3575808572925764e-16
SCALAR_CONTRACT ranks=1 stretched=1 near_pure=0 family=passive uniform=1 dt=0.000125 ran=1 history=1 constant=1 bounded=1 eos=1 conservation=1 inventory_relative_defect=3.70911693823e-16 constant_error=3.05311331772e-16 eos_error=2.013569353e-16 coupling_sweeps=1 remap_iterations=0 scalar_residual=0 mass_pairing=3.92035388856e-15
SCALAR_OUTER 1 0 3.9820720269211566e-16 3.5485970845379162e-16
SCALAR_OUTER 1 0 2.7389309457666887e-16 2.47271954782445e-16
SCALAR_OUTER 1 0 2.9728118741627968e-16 2.9701756077032064e-16
SCALAR_OUTER 1 0 3.7093701938675345e-16 3.6698323431235735e-16
SCALAR_OUTER 1 0 3.4079992008238952e-16 3.0498329579953067e-16
SCALAR_OUTER 1 0 3.9742780981558003e-16 3.619879821030137e-16
SCALAR_OUTER 1 0 4.2425728719955859e-16 3.934753462701577e-16
SCALAR_OUTER 1 0 3.652422741388419e-16 3.7092680858979791e-16
SCALAR_OUTER 1 0 3.6070402256402996e-16 3.5096025173903661e-16
SCALAR_OUTER 1 0 4.3125558794466885e-16 3.6253696944656504e-16
SCALAR_OUTER 1 0 4.0409837298584902e-16 4.110071098908058e-16
SCALAR_OUTER 1 0 3.9869049309837263e-16 3.930114695790677e-16
SCALAR_OUTER 1 0 4.312966596269949e-16 4.2507359956898855e-16
SCALAR_OUTER 1 0 4.0742509056138482e-16 4.2409781225717484e-16
SCALAR_OUTER 1 0 4.1839192079243295e-16 4.7794450647959255e-16
SCALAR_OUTER 1 0 5.0549398086782946e-16 4.8623854598338272e-16
SCALAR_CONTRACT ranks=1 stretched=1 near_pure=0 family=passive uniform=1 dt=6.25e-05 ran=1 history=1 constant=1 bounded=1 eos=1 conservation=1 inventory_relative_defect=2.42093902841e-16 constant_error=5.82867087928e-16 eos_error=2.01357722692e-16 coupling_sweeps=1 remap_iterations=0 scalar_residual=0 mass_pairing=4.86238545983e-16
SCALAR_OUTER 1 0 7.4267100308319778e-16 6.8682554588173377e-16
SCALAR_OUTER 1 0 2.773904364050993e-16 2.4951598151044804e-16
SCALAR_OUTER 1 0 2.7363026083723768e-16 2.2324644428994011e-16
SCALAR_OUTER 1 0 3.0330866614258681e-16 2.9619626115714416e-16
SCALAR_OUTER 1 0 3.9151644781383322e-16 2.4536856420109531e-16
SCALAR_OUTER 1 0 3.2506834645065528e-16 3.240327147279031e-16
SCALAR_OUTER 1 0 3.0254982774665475e-16 3.1964702580733058e-16
SCALAR_OUTER 1 0 2.4945435392732893e-16 2.5221952966747173e-16
SCALAR_OUTER 1 0 3.1960665490355322e-16 3.1338720696777252e-16
SCALAR_OUTER 1 0 2.8328506348426049e-16 3.0227476577635066e-16
SCALAR_OUTER 1 0 2.7928370360504912e-16 2.344300395047717e-16
SCALAR_OUTER 1 0 3.0552194788977896e-16 3.0341255325775214e-16
SCALAR_OUTER 1 0 2.7386204076532317e-16 2.6619144227344396e-16
SCALAR_OUTER 1 0 2.9507158304909575e-16 2.2747851832150034e-16
SCALAR_OUTER 1 0 3.274419593269096e-16 2.6643479873390196e-16
SCALAR_OUTER 1 0 4.1413774208567913e-16 3.0528722026235703e-16
SCALAR_OUTER 1 0 2.8061293260629063e-16 2.5720505416351733e-16
SCALAR_OUTER 1 0 3.2385895740394405e-16 2.7771568440880584e-16
SCALAR_OUTER 1 0 3.3689032328920897e-16 2.5569107102547872e-16
SCALAR_OUTER 1 0 2.7987954826905424e-16 3.2127240136353217e-16
SCALAR_OUTER 1 0 3.1647820081562094e-16 2.4814229871988435e-16
SCALAR_OUTER 1 0 3.0477241555987872e-16 2.6208780045206856e-16
SCALAR_OUTER 1 0 3.2049690453251516e-16 2.5734970006674275e-16
SCALAR_OUTER 1 0 3.0673229531409004e-16 3.1792363384791325e-16
SCALAR_OUTER 1 0 2.8789120421556545e-16 2.5057665912361506e-16
SCALAR_OUTER 1 0 3.0372764258882375e-16 2.7847491205340575e-16
SCALAR_OUTER 1 0 3.0559023052172569e-16 2.5904144318853195e-16
SCALAR_OUTER 1 0 3.1872516316939175e-16 2.3889514679756313e-16
SCALAR_OUTER 1 0 3.4494521073591063e-16 2.716094974052105e-16
SCALAR_OUTER 1 0 2.930227393425418e-16 2.5107177743456712e-16
SCALAR_OUTER 1 0 2.8236249384761918e-16 2.9977748373254144e-16
SCALAR_OUTER 1 0 4.3857682006366507e-16 3.6069012527241746e-16
SCALAR_CONTRACT ranks=1 stretched=1 near_pure=0 family=passive uniform=1 dt=3.125e-05 ran=1 history=1 constant=1 bounded=1 eos=1 conservation=1 inventory_relative_defect=2.00137512169e-16 constant_error=6.38378239159e-16 eos_error=2.01357911244e-16 coupling_sweeps=1 remap_iterations=0 scalar_residual=0 mass_pairing=6.86825545882e-16
SCALAR_OUTER 1 8.4313159057207129e-07 6.0958527081827511e-17 2.8057237686676558e-16
SCALAR_BASIS_DRIFT 0
SCALAR_OUTER 2 8.3224276752091571e-11 5.4955209580898775e-16 3.5855311782170962e-16
SCALAR_BASIS_DRIFT 0
SCALAR_OUTER 3 2.0412802279650606e-14 4.4023185914712777e-17 3.1967160979767797e-16
SCALAR_BASIS_DRIFT 0
SCALAR_OUTER 4 4.9427963189900413e-16 4.9427963189900413e-16 2.7391376932443802e-16
SCALAR_OUTER 1 9.1093615586830697e-09 6.8065016510306536e-16 8.4356632257920054e-16
SCALAR_BASIS_DRIFT 0
SCALAR_OUTER 2 5.6398136547067725e-12 4.446751439414851e-17 9.5066354322809702e-16
SCALAR_BASIS_DRIFT 0
SCALAR_OUTER 3 5.2692812724121916e-12 4.2960057883676425e-17 8.9895440061293895e-16
SCALAR_BASIS_DRIFT 0
SCALAR_OUTER 4 7.653996617291077e-16 8.8837128232517841e-16 8.7593840732302466e-16
SCALAR_OUTER 1 1.6851470711143121e-08 2.0840667237462371e-15 1.5028911751620831e-15
SCALAR_BASIS_DRIFT 0
SCALAR_OUTER 2 1.0068309466162067e-12 4.4555939487331532e-17 1.5791144668176767e-15
SCALAR_BASIS_DRIFT 0
SCALAR_OUTER 3 4.0648274703711787e-16 1.4496347431972114e-15 1.4414239713364979e-15
SCALAR_OUTER 1 2.4219717176185202e-08 4.0267410227626211e-15 2.1784345310817825e-15
SCALAR_BASIS_DRIFT 0
SCALAR_OUTER 2 1.3981181493461008e-12 4.4467075760842434e-17 2.1562308287723973e-15
SCALAR_BASIS_DRIFT 0
SCALAR_OUTER 3 5.2501027463959812e-16 2.096099999510535e-15 2.0748907175725984e-15
SCALAR_OUTER 1 3.1143805951484522e-08 6.384904786459126e-15 2.6863687462215978e-15
SCALAR_BASIS_DRIFT 0
SCALAR_OUTER 2 1.7451758475119458e-12 4.3931899314836293e-17 2.7551534671144336e-15
SCALAR_BASIS_DRIFT 0
SCALAR_OUTER 3 4.5157923360955621e-16 2.7102238409541093e-15 2.6809185866956944e-15
SCALAR_OUTER 1 3.7403909254809265e-08 4.4404615394062491e-17 3.3375429407590333e-15
SCALAR_BASIS_DRIFT 0
SCALAR_OUTER 2 2.0312533943947869e-12 4.4168050535494885e-17 3.309161124010608e-15
SCALAR_BASIS_DRIFT 0
SCALAR_OUTER 3 4.2455433578037579e-16 3.4571007628196788e-15 3.3944990116765219e-15
SCALAR_OUTER 1 4.2817596950155857e-08 4.4931239441350162e-17 3.9019452959038321e-15
SCALAR_BASIS_DRIFT 0
SCALAR_OUTER 2 2.2568712404746446e-12 4.4931244416834682e-17 3.923665440991308e-15
SCALAR_BASIS_DRIFT 0
SCALAR_OUTER 3 4.6606706028780953e-16 4.0335120224901546e-15 3.9210444194318051e-15
SCALAR_OUTER 1 4.7250475728027907e-08 4.3938968202198766e-17 4.3564093580793464e-15
SCALAR_BASIS_DRIFT 0
SCALAR_OUTER 2 2.4120686356301888e-12 4.4306210255903295e-17 4.4659667055086166e-15
SCALAR_BASIS_DRIFT 0
SCALAR_OUTER 3 5.3821757405243728e-16 4.5169501935145727e-15 4.4595567647751731e-15
SCALAR_CONTRACT ranks=1 stretched=1 near_pure=0 family=EOS_species uniform=0 dt=0.000125 ran=1 history=1 constant=1 bounded=1 eos=1 conservation=1 inventory_relative_defect=9.27726173931e-17 constant_error=3.33066907388e-16 eos_error=4.7814956141e-16 coupling_sweeps=4 remap_iterations=4 scalar_residual=7.65399661729e-16 mass_pairing=4.45955676478e-15
SCALAR_OUTER 1 2.135468624246195e-07 4.4675567916601064e-17 2.3599558616666443e-16
SCALAR_BASIS_DRIFT 0
SCALAR_OUTER 2 5.4857387839135279e-12 4.9062668942281114e-17 2.7441043487026796e-16
SCALAR_BASIS_DRIFT 0
SCALAR_OUTER 3 6.5911990470310862e-16 6.5911990470310862e-16 2.1383882748099568e-16
SCALAR_OUTER 1 5.6971514844901265e-10 4.3633616412007417e-17 2.361107083122154e-16
SCALAR_BASIS_DRIFT 0
SCALAR_OUTER 2 1.0448591822456726e-14 4.4834057771998374e-17 3.8556004039015546e-16
SCALAR_BASIS_DRIFT 0
SCALAR_OUTER 3 3.1748684466120252e-16 3.7849209730975957e-16 4.1705060904413298e-16
SCALAR_OUTER 1 1.0754393364416364e-09 4.3887071473149208e-17 2.8952659503483315e-16
SCALAR_BASIS_DRIFT 0
SCALAR_OUTER 2 8.0679230010488559e-13 4.506071401810154e-17 3.3174826842067974e-16
SCALAR_BASIS_DRIFT 0
SCALAR_OUTER 3 4.2985071687136488e-13 4.4430064518186829e-17 2.8514938571881348e-16
SCALAR_BASIS_DRIFT 0
SCALAR_OUTER 4 4.2975189439195076e-13 4.2162252069713334e-17 2.8851030205188473e-16
SCALAR_BASIS_DRIFT 0
SCALAR_OUTER 5 4.2991301378886246e-13 4.4622685815632991e-17 2.8469710488060048e-16
SCALAR_BASIS_DRIFT 0
SCALAR_OUTER 6 4.2997758750129986e-13 4.2738809099803387e-17 2.611172214052568e-16
SCALAR_BASIS_DRIFT 0
SCALAR_OUTER 7 4.2977412944790955e-13 4.4847626890948093e-17 2.8687750668074556e-16
SCALAR_BASIS_DRIFT 0
SCALAR_OUTER 8 4.2982421888481579e-13 4.2710691462237727e-17 2.6741510978716154e-16
SCALAR_BASIS_DRIFT 0
SCALAR_OUTER 9 4.2977369346637182e-13 4.4819509256533703e-17 3.006299012395108e-16
SCALAR_BASIS_DRIFT 0
SCALAR_OUTER 10 4.2975189439195076e-13 3.8552907764258425e-17 2.8848568061392254e-16
SCALAR_BASIS_DRIFT 0
SCALAR_OUTER 11 4.2976913988142254e-13 4.4594568181218602e-17 2.5725726980183371e-16
SCALAR_BASIS_DRIFT 0
SCALAR_OUTER 12 4.2990007967237549e-13 4.3846653329811795e-17 2.8728842471121051e-16
SCALAR_BASIS_DRIFT 0
SCALAR_OUTER 13 4.2977403256312337e-13 4.4875744525362476e-17 2.7651481709991228e-16
SCALAR_BASIS_DRIFT 0
SCALAR_OUTER 14 4.2975189439195076e-13 3.8552907764258425e-17 2.8848565008652303e-16
SCALAR_BASIS_DRIFT 0
SCALAR_OUTER 15 4.2991301378886246e-13 4.4594568181218602e-17 3.1503952750587477e-16
SCALAR_BASIS_DRIFT 0
SCALAR_OUTER 16 4.2997904077309219e-13 4.4875744525362482e-17 2.5848669819670799e-16
scalar_advance_failure species=1 uniform=0 dt=6.25e-05 step=2 status=6/10216 sweeps=16 species_residual=4.29979e-13 remap_residual=4.48757e-17 mass_pairing=2.58487e-16
SCALAR_CONTRACT ranks=1 stretched=1 near_pure=0 family=EOS_species uniform=0 dt=6.25e-05 ran=0 history=0 constant=0 bounded=0 eos=0 conservation=0 inventory_relative_defect=7.32970834419e-17 constant_error=1.38777878078e-16 eos_error=4.78147503054e-16 coupling_sweeps=3 remap_iterations=3 scalar_residual=6.59119904703e-16 mass_pairing=4.17050609044e-16
SCALAR_OUTER 1 5.3558698215089988e-08 4.5073868241734883e-17 5.2400894529823883e-16
SCALAR_BASIS_DRIFT 0
SCALAR_OUTER 2 3.4734618794653581e-13 4.4886395215603589e-17 4.2715494878354872e-16
SCALAR_BASIS_DRIFT 0
SCALAR_OUTER 3 3.4462978010947189e-16 4.5880463434831741e-16 4.5797841204540035e-16
SCALAR_OUTER 1 3.3901938729203649e-11 4.3542406985542652e-17 2.1834800175015944e-16
SCALAR_BASIS_DRIFT 0
SCALAR_OUTER 2 3.4873340725789995e-16 3.4873340725789995e-16 3.0538480957415924e-16
SCALAR_OUTER 1 6.5340845414338757e-11 4.4621440172866028e-17 3.1753136129013261e-16
SCALAR_BASIS_DRIFT 0
SCALAR_OUTER 2 5.8225016298766406e-16 5.8225016298766406e-16 3.5054668463039762e-16
SCALAR_OUTER 1 9.7535865577168482e-11 4.4558417061195183e-17 3.0623021749696373e-16
SCALAR_BASIS_DRIFT 0
SCALAR_OUTER 2 6.3057285430960786e-16 6.3057285430960786e-16 3.0899423409261126e-16
SCALAR_OUTER 1 1.3044411055492068e-10 4.4558153059235732e-17 3.5187983083456681e-16
SCALAR_BASIS_DRIFT 0
SCALAR_OUTER 2 1.0860094202339265e-13 4.2098666057508185e-17 2.4311617589341997e-16
SCALAR_BASIS_DRIFT 0
SCALAR_OUTER 3 1.0876763025278352e-13 4.3498301100008264e-17 2.5450537961212371e-16
SCALAR_BASIS_DRIFT 0
SCALAR_OUTER 4 1.0889793869161849e-13 4.3498301100008264e-17 2.4317179157466462e-16
SCALAR_BASIS_DRIFT 0
SCALAR_OUTER 5 1.089210454294708e-13 4.4468673711909965e-17 3.0043306052350099e-16
SCALAR_BASIS_DRIFT 0
SCALAR_OUTER 6 1.0875440564187894e-13 4.358138796883195e-17 3.6951714905001604e-16
SCALAR_BASIS_DRIFT 0
SCALAR_OUTER 7 1.0883942099855255e-13 4.4468673711909965e-17 2.8866819151029284e-16
SCALAR_BASIS_DRIFT 0
SCALAR_OUTER 8 1.0883089524212827e-13 4.3498301100008264e-17 2.4309120643892154e-16
SCALAR_BASIS_DRIFT 0
SCALAR_OUTER 9 1.0876763025278352e-13 4.2066724732730107e-17 2.9048565799567173e-16
SCALAR_BASIS_DRIFT 0
SCALAR_OUTER 10 1.0875440564187894e-13 4.358138796883195e-17 3.6954582413565262e-16
SCALAR_BASIS_DRIFT 0
SCALAR_OUTER 11 1.0876767869458228e-13 4.3498301100008264e-17 2.7295476129101969e-16
SCALAR_BASIS_DRIFT 0
SCALAR_OUTER 12 1.0889793869161849e-13 4.3498301100008264e-17 2.431711196903545e-16
SCALAR_BASIS_DRIFT 0
SCALAR_OUTER 13 1.0906467536280763e-13 4.3498301100008264e-17 3.1284461904052542e-16
SCALAR_BASIS_DRIFT 0
SCALAR_OUTER 14 1.0890767549317017e-13 4.3498301100008264e-17 2.4311891726848721e-16
SCALAR_BASIS_DRIFT 0
SCALAR_OUTER 15 1.0883942099855255e-13 4.4468673711909965e-17 2.8866834522758506e-16
SCALAR_BASIS_DRIFT 0
SCALAR_OUTER 16 1.088308468003295e-13 4.358138796883195e-17 3.6946503621076213e-16
scalar_advance_failure species=1 uniform=0 dt=3.125e-05 step=4 status=6/10216 sweeps=16 species_residual=1.08831e-13 remap_residual=4.35814e-17 mass_pairing=3.69465e-16
SCALAR_CONTRACT ranks=1 stretched=1 near_pure=0 family=EOS_species uniform=0 dt=3.125e-05 ran=0 history=0 constant=0 bounded=0 eos=0 conservation=0 inventory_relative_defect=1.42276930294e-16 constant_error=2.22044604925e-16 eos_error=4.7814685093e-16 coupling_sweeps=3 remap_iterations=3 scalar_residual=6.3057285431e-16 mass_pairing=4.57978412045e-16
SCALAR_ORDER family=EOS_species order=11.2281101093 accepted=0
SCALAR_OUTER 1 3.0870496466241773e-16 3.0870496466241773e-16 2.5597829468407509e-16
SCALAR_OUTER 1 1.0031806635961577e-15 1.0031806635961577e-15 9.379915189085997e-16
SCALAR_OUTER 1 1.8217174961359834e-15 1.8217174961359834e-15 1.8022786287244719e-15
SCALAR_OUTER 1 2.3885419564188724e-15 2.3885419564188724e-15 2.3963898605308899e-15
SCALAR_OUTER 1 2.9971842942031751e-15 2.9971842942031751e-15 3.0703407353588051e-15
SCALAR_OUTER 1 3.6667135917193414e-15 3.6667135917193414e-15 3.5622598635473462e-15
SCALAR_OUTER 1 4.0772033614801968e-15 4.0772033614801968e-15 4.0457225964004089e-15
SCALAR_OUTER 1 4.4909558314109407e-15 4.4909558314109407e-15 4.482756827135998e-15
SCALAR_CONTRACT ranks=1 stretched=1 near_pure=0 family=EOS_species uniform=1 dt=0.000125 ran=1 history=1 constant=1 bounded=1 eos=1 conservation=1 inventory_relative_defect=7.22014894365e-16 constant_error=4.99600361081e-16 eos_error=4.70734944248e-16 coupling_sweeps=1 remap_iterations=0 scalar_residual=4.49095583141e-15 mass_pairing=4.48275682714e-15
SCALAR_OUTER 1 3.1467750353798764e-16 3.1467750353798764e-16 2.5318835216598188e-16
SCALAR_OUTER 1 3.4211011762807135e-16 3.4211011762807135e-16 2.7415964415614762e-16
SCALAR_OUTER 1 3.5085304501684915e-16 3.5085304501684915e-16 3.1777584650091779e-16
SCALAR_OUTER 1 3.6401258452644848e-16 3.6401258452644848e-16 3.3395666434345702e-16
SCALAR_OUTER 1 3.2682760686348812e-16 3.2682760686348812e-16 2.6012477680718715e-16
SCALAR_OUTER 1 3.313942552066057e-16 3.313942552066057e-16 2.9321955174899115e-16
SCALAR_OUTER 1 3.7308044402678364e-16 3.7308044402678364e-16 3.0603914316673029e-16
SCALAR_OUTER 1 4.2885680225989787e-16 4.2885680225989787e-16 3.5505906428390226e-16
SCALAR_OUTER 1 3.3181292948391002e-16 3.3181292948391002e-16 3.2825868069633297e-16
SCALAR_OUTER 1 3.2247795986480565e-16 3.2247795986480565e-16 3.538942915327511e-16
SCALAR_OUTER 1 3.8825357096821834e-16 3.8825357096821834e-16 3.4522044649023924e-16
SCALAR_OUTER 1 3.9344490271086044e-16 3.9344490271086044e-16 3.8361832865366235e-16
SCALAR_OUTER 1 4.8407986188387645e-16 4.8407986188387645e-16 4.3138994403518397e-16
SCALAR_OUTER 1 3.8531214945790105e-16 3.8531214945790105e-16 4.0343351563962882e-16
SCALAR_OUTER 1 3.541900034202587e-16 3.541900034202587e-16 3.2067457282478109e-16
SCALAR_OUTER 1 5.5125972322037512e-16 5.5125972322037512e-16 4.6333623076100893e-16
SCALAR_CONTRACT ranks=1 stretched=1 near_pure=0 family=EOS_species uniform=1 dt=6.25e-05 ran=1 history=1 constant=1 bounded=1 eos=1 conservation=1 inventory_relative_defect=5.96588623099e-16 constant_error=6.38378239159e-16 eos_error=4.70716390778e-16 coupling_sweeps=1 remap_iterations=0 scalar_residual=5.5125972322e-16 mass_pairing=4.63336230761e-16
SCALAR_OUTER 1 6.6540735238045078e-16 6.6540735238045078e-16 6.1206213802209777e-16
SCALAR_OUTER 1 2.3630226147173475e-16 2.3630226147173475e-16 2.2849432082576042e-16
SCALAR_OUTER 1 2.3719697408105794e-16 2.3719697408105794e-16 2.5125787846094884e-16
SCALAR_OUTER 1 3.3671988052031983e-16 3.3671988052031983e-16 3.0215694349577756e-16
SCALAR_OUTER 1 3.0680680211262032e-16 3.0680680211262032e-16 2.6772005412762094e-16
SCALAR_OUTER 1 3.235624483177823e-16 3.235624483177823e-16 3.2180696860240235e-16
SCALAR_OUTER 1 2.8013697543274435e-16 2.8013697543274435e-16 2.7154211219238491e-16
SCALAR_OUTER 1 2.9400750218269576e-16 2.9400750218269576e-16 3.0897246771573518e-16
SCALAR_OUTER 1 3.3702061237080454e-16 3.3702061237080454e-16 2.3292544537872581e-16
SCALAR_OUTER 1 2.949367299316075e-16 2.949367299316075e-16 2.9786063421975721e-16
SCALAR_OUTER 1 3.7973760186871512e-16 3.7973760186871512e-16 2.7639953510723607e-16
SCALAR_OUTER 1 2.8232632361595761e-16 2.8232632361595761e-16 2.4210130297054265e-16
SCALAR_OUTER 1 2.3767858484897352e-16 2.3767858484897352e-16 2.7250547582203452e-16
SCALAR_OUTER 1 3.5865815492385508e-16 3.5865815492385508e-16 3.0046701798379486e-16
SCALAR_OUTER 1 2.9321993833354161e-16 2.9321993833354161e-16 2.6602271235982527e-16
SCALAR_OUTER 1 3.538983852585029e-16 3.538983852585029e-16 3.2143739923283097e-16
SCALAR_OUTER 1 3.3088008512583268e-16 3.3088008512583268e-16 2.9807678694102844e-16
SCALAR_OUTER 1 3.4470680922911996e-16 3.4470680922911996e-16 3.2462646041579207e-16
SCALAR_OUTER 1 3.6836151239293413e-16 3.6836151239293413e-16 3.336772601829527e-16
SCALAR_OUTER 1 3.3213241263550258e-16 3.3213241263550258e-16 2.9842410560308867e-16
SCALAR_OUTER 1 4.1399509177396705e-16 4.1399509177396705e-16 3.8880769067022261e-16
SCALAR_OUTER 1 3.0973632341715015e-16 3.0973632341715015e-16 2.6826401161343045e-16
SCALAR_OUTER 1 2.8627518042799833e-16 2.8627518042799833e-16 3.2833036595837788e-16
SCALAR_OUTER 1 3.0986842230662646e-16 3.0986842230662646e-16 3.1759153275696914e-16
SCALAR_OUTER 1 3.3819453950191569e-16 3.3819453950191569e-16 3.4383533151692961e-16
SCALAR_OUTER 1 4.2526580580066174e-16 4.2526580580066174e-16 3.4838465156827205e-16
SCALAR_OUTER 1 2.9951560258085443e-16 2.9951560258085443e-16 3.1095941704864124e-16
SCALAR_OUTER 1 2.9340767413613222e-16 2.9340767413613222e-16 2.8455923842919213e-16
SCALAR_OUTER 1 3.6786735878757121e-16 3.6786735878757121e-16 3.5289730713218844e-16
SCALAR_OUTER 1 3.5639045234392256e-16 3.5639045234392256e-16 3.2220852310031135e-16
SCALAR_OUTER 1 3.0332507895624698e-16 3.0332507895624698e-16 2.9116858344221277e-16
SCALAR_OUTER 1 2.975708071505907e-16 2.975708071505907e-16 2.8175039544281195e-16
SCALAR_CONTRACT ranks=1 stretched=1 near_pure=0 family=EOS_species uniform=1 dt=3.125e-05 ran=1 history=1 constant=1 bounded=1 eos=1 conservation=1 inventory_relative_defect=8.3279214311e-16 constant_error=8.60422844084e-16 eos_error=4.70748515796e-16 coupling_sweeps=1 remap_iterations=0 scalar_residual=6.6540735238e-16 mass_pairing=6.12062138022e-16
STRICT_SCALAR_ACCEPTANCE FAIL correction_active_checked=1
-------------------------------------------------------
Primary job  terminated normally, but 1 process returned
a non-zero exit code.. Per user-direction, the job has been aborted.
-------------------------------------------------------
--------------------------------------------------------------------------
mpirun detected that one or more processes exited with non-zero status, thus causing
the job to be terminated. The first process to do so was:

  Process name: [[26057,1],0]
  Exit code:    1
--------------------------------------------------------------------------
