Test project /home/wyf/code_dev/.worktrees/hundun-flow-strict-coast-parity/build-review-fixes
    Start 130: v04_solver_equations_mpi_1
1/3 Test #130: v04_solver_equations_mpi_1 .......***Failed    2.38 sec
[DEBUG-afc-budget] delta=0x1.ffffffffffc77p-1,-0x1.ffffffffffc78p-1 bounds=1 direction=1 conservation=0x0p+0
rank 0 FAIL: limited partition-face pairs have the decomposition-invariant RHS oracle and are conservative, bounded, spatially local, and direction preserving
[DEBUG-afc-budget] outflow=0x0p+0 alpha=0x1p-1 status=0:0
-------------------------------------------------------
Primary job  terminated normally, but 1 process returned
a non-zero exit code.. Per user-direction, the job has been aborted.
-------------------------------------------------------
--------------------------------------------------------------------------
mpiexec detected that one or more processes exited with non-zero status, thus causing
the job to be terminated. The first process to do so was:

  Process name: [[33732,1],0]
  Exit code:    1
--------------------------------------------------------------------------


0% tests passed, 1 tests failed out of 1

Label Time Summary:
v04_focused    =   2.38 sec*proc (1 test)

Total Test time (real) =   2.40 sec

The following tests FAILED:
	130 - v04_solver_equations_mpi_1 (Failed)               v04_focused
