Internal ctest changing into directory: /home/wyf/code_dev/.worktrees/hundun-flow-strict-coast-parity/build-review-fixes
UpdateCTestConfiguration  from :/home/wyf/code_dev/.worktrees/hundun-flow-strict-coast-parity/build-review-fixes/DartConfiguration.tcl
UpdateCTestConfiguration  from :/home/wyf/code_dev/.worktrees/hundun-flow-strict-coast-parity/build-review-fixes/DartConfiguration.tcl
Test project /home/wyf/code_dev/.worktrees/hundun-flow-strict-coast-parity/build-review-fixes
Constructing a list of tests
Done constructing a list of tests
Updating test list for fixtures
Added 0 tests to meet fixture requirements
Checking test dependency graph...
Checking test dependency graph end
test 31
    Start 31: v04_solver_observation_cli

31: Test command: /usr/bin/python3.6 "/home/wyf/code_dev/.worktrees/hundun-flow-strict-coast-parity/versions/v0.4/tests/integration/solver_observe_cli_test.py" "/home/wyf/code_dev/.worktrees/hundun-flow-strict-coast-parity/tools/v04_solver_observe.py"
31: Working Directory: /home/wyf/code_dev/.worktrees/hundun-flow-strict-coast-parity/build-review-fixes/versions/v0.4/tests
31: Test timeout computed to be: 30
31: streamed CLI traced peak bytes (8/2048 steps): [2806838, 3839510]
31: solver observation CLI PASS (88 checks: frozen ranks/range, source identity, corruption, partial, streaming)
1/1 Test #31: v04_solver_observation_cli .......   Passed    3.96 sec

The following tests passed:
	v04_solver_observation_cli

100% tests passed, 0 tests failed out of 1

Total Test time (real) =   3.97 sec
