Internal ctest changing into directory: /home/wyf/code_dev/.worktrees/hundun-flow-strict-coast-parity/build-review-fixes
Test project /home/wyf/code_dev/.worktrees/hundun-flow-strict-coast-parity/build-review-fixes
    Start  31: v04_solver_observation_cli
1/7 Test  #31: v04_solver_observation_cli ..........   Passed    4.01 sec
    Start  45: v04_runner_statistics_epoch_mpi_1
2/7 Test  #45: v04_runner_statistics_epoch_mpi_1 ...   Passed   12.78 sec
    Start  46: v04_runner_statistics_epoch_mpi_2
3/7 Test  #46: v04_runner_statistics_epoch_mpi_2 ...   Passed   12.05 sec
    Start  47: v04_runner_statistics_epoch_mpi_4
4/7 Test  #47: v04_runner_statistics_epoch_mpi_4 ...   Passed   10.80 sec
    Start 277: v04_solver_krylov_mpi_1
5/7 Test #277: v04_solver_krylov_mpi_1 .............   Passed    0.29 sec
    Start 279: v04_solver_krylov_mpi_2
6/7 Test #279: v04_solver_krylov_mpi_2 .............   Passed    0.29 sec
    Start 281: v04_solver_krylov_mpi_4
7/7 Test #281: v04_solver_krylov_mpi_4 .............   Passed    0.33 sec

100% tests passed, 0 tests failed out of 7

Label Time Summary:
v04_focused    =   2.20 sec*proc (3 tests)

Total Test time (real) =  40.57 sec
