Internal ctest changing into directory: /home/wyf/code_dev/.worktrees/hundun-flow-strict-coast-parity/build-review-fixes
Test project /home/wyf/code_dev/.worktrees/hundun-flow-strict-coast-parity/build-review-fixes
    Start 277: v04_solver_krylov_mpi_1
1/1 Test #277: v04_solver_krylov_mpi_1 ..........***Failed    2.33 sec
rank 0 FAIL: public result reports RHS criterion independently of initial guess without allocation
rank 0 FAIL: public result reports RHS criterion independently of initial guess without allocation
rank 0 FAIL: public result reports RHS criterion independently of initial guess without allocation
rank 0 FAIL: reported criterion retains the absolute floor
rank 0 FAIL: zero-RHS fast path still reports its valid absolute criterion
rank 0 FAIL: public result reports RHS criterion independently of initial guess without allocation
rank 0 FAIL: public result reports RHS criterion independently of initial guess without allocation
rank 0 FAIL: public result reports RHS criterion independently of initial guess without allocation
rank 0 FAIL: reported criterion retains the absolute floor
rank 0 FAIL: zero-RHS fast path still reports its valid absolute criterion
rank 0 FAIL: public result reports RHS criterion independently of initial guess without allocation
rank 0 FAIL: public result reports RHS criterion independently of initial guess without allocation
rank 0 FAIL: public result reports RHS criterion independently of initial guess without allocation
rank 0 FAIL: reported criterion retains the absolute floor
rank 0 FAIL: zero-RHS fast path still reports its valid absolute criterion
-------------------------------------------------------
Primary job  terminated normally, but 1 process returned
a non-zero exit code.. Per user-direction, the job has been aborted.
-------------------------------------------------------
--------------------------------------------------------------------------
mpiexec detected that one or more processes exited with non-zero status, thus causing
the job to be terminated. The first process to do so was:

  Process name: [[57692,1],0]
  Exit code:    1
--------------------------------------------------------------------------


0% tests passed, 1 tests failed out of 1

Label Time Summary:
v04_focused    =   2.33 sec*proc (1 test)

Total Test time (real) =   2.34 sec

The following tests FAILED:
	277 - v04_solver_krylov_mpi_1 (Failed)                  v04_focused
Errors while running CTest
