147-Command: "/usr/bin/mpiexec" "-n" "1" "/home/wyf/code_dev/.worktrees/hundun-flow-strict-coast-parity/build-review-fixes/versions/v0.4/tests/v04_product_pressure_energy_retry_mpi_test"
148-Directory: /home/wyf/code_dev/.worktrees/hundun-flow-strict-coast-parity/build-review-fixes/versions/v0.4/tests
149-"v04_product_pressure_energy_retry_mpi_1" start time: Sep 06 16:19 CST
150-Output:
151-----------------------------------------------------------
152-candidate-work baseline=14 extrapolation=0 ladder=322 incomplete=280 rejected_extrapolations=0
153-refinement status=0/0 accepted/attempts=1/1 calls/term=12/1 trajectory=14 terminal=0/2.3243278908338169e-14/1.0460406810870782e-10/0/2.4294555600856023e-32 early-exit=2/1
154-full-probe U/k/h=0.0030000000000000001/1.6249999999999999e-05/200933.24368773258:200934.24368773249:200935.24368773249 status=6/10210 stage=54 attempts/accepted=1/0 diag-corrector/select/commit=2/1/0 first-admissible=20 dp/dh=1.8714286467246095e-08/5.4073846732826095e-05 terminal=0/0/0/0/0 refinement=12/2 rollback=1
155:retry-observation loops=14,2 dt/outcome_bound=1
156-retry/control first status=0/0,0/0 attempts=2/1 origin=3/1 dt=0.0044999999999999997/0.0044999999999999997 same=1 terminal1=0/5.6994396657825053e-15/5.2306640959063825e-11/0/0 second same=1 bdf=2/2 terminal2=1.2580836701012501e-16/1.5225052333350336e-12/2.7310788077790582e-11/0/5.2384613495099614e-28
157-retry-exhaustion outcome=6/10210 stop=455 attempts=2
158-candidate-loop i=0 extrapolated_alpha=0 complete=0 selected_extrapolation=0 rejected=0 ladder=1 selected_alpha=1
159-candidate-loop i=1 extrapolated_alpha=0 complete=0 selected_extrapolation=0 rejected=0 ladder=1 selected_alpha=1
160-candidate-loop i=2 extrapolated_alpha=1.0001450080592753 complete=1 selected_extrapolation=1 rejected=0 ladder=0 selected_alpha=1.0001450080592753
--
183-Command: "/usr/bin/mpiexec" "-n" "2" "/home/wyf/code_dev/.worktrees/hundun-flow-strict-coast-parity/build-review-fixes/versions/v0.4/tests/v04_product_pressure_energy_retry_mpi_test"
184-Directory: /home/wyf/code_dev/.worktrees/hundun-flow-strict-coast-parity/build-review-fixes/versions/v0.4/tests
185-"v04_product_pressure_energy_retry_mpi_2" start time: Sep 06 16:19 CST
186-Output:
187-----------------------------------------------------------
188-candidate-work baseline=14 extrapolation=0 ladder=322 incomplete=280 rejected_extrapolations=0
189-refinement status=0/0 accepted/attempts=1/1 calls/term=12/1 trajectory=14 terminal=0/2.3243278908215706e-14/1.0460406810870792e-10/0/1.2687156813780412e-31 early-exit=2/1
190-full-probe U/k/h=0.0030000000000000001/1.6249999999999999e-05/200933.24368773258:200934.24368773249:200935.24368773249 status=6/10210 stage=54 attempts/accepted=1/0 diag-corrector/select/commit=2/1/0 first-admissible=20 dp/dh=1.8714285355697616e-08/5.4073846728786893e-05 terminal=0/0/0/0/0 refinement=12/2 rollback=1
191:retry-observation loops=14,2 dt/outcome_bound=1
192-retry/control first status=0/0,0/0 attempts=2/1 origin=3/1 dt=0.0044999999999999997/0.0044999999999999997 same=1 terminal1=0/5.6994396657825053e-15/5.2306640959063825e-11/0/0 second same=1 bdf=2/2 terminal2=1.2580836701012501e-16/1.5225052333350336e-12/2.7310788077790582e-11/0/5.2384614615454193e-28
193-retry-exhaustion outcome=6/10210 stop=455 attempts=2
194-candidate-loop i=0 extrapolated_alpha=0 complete=0 selected_extrapolation=0 rejected=0 ladder=1 selected_alpha=1
195-candidate-loop i=1 extrapolated_alpha=0 complete=0 selected_extrapolation=0 rejected=0 ladder=1 selected_alpha=1
196-candidate-loop i=2 extrapolated_alpha=1.0001357076477417 complete=1 selected_extrapolation=1 rejected=0 ladder=0 selected_alpha=1.0001357076477417
--
218-Command: "/usr/bin/mpiexec" "-n" "4" "/home/wyf/code_dev/.worktrees/hundun-flow-strict-coast-parity/build-review-fixes/versions/v0.4/tests/v04_product_pressure_energy_retry_mpi_test"
219-Directory: /home/wyf/code_dev/.worktrees/hundun-flow-strict-coast-parity/build-review-fixes/versions/v0.4/tests
220-"v04_product_pressure_energy_retry_mpi_4" start time: Sep 06 16:19 CST
221-Output:
222-----------------------------------------------------------
223-candidate-work baseline=14 extrapolation=0 ladder=322 incomplete=280 rejected_extrapolations=0
224-refinement status=0/0 accepted/attempts=1/1 calls/term=12/1 trajectory=14 terminal=0/2.3243278908212711e-14/1.0460406810870792e-10/0/1.1860467074584553e-31 early-exit=2/1
225-full-probe U/k/h=0.0030000000000000001/1.6249999999999999e-05/200933.24368773258:200934.24368773249:200935.24368773249 status=6/10210 stage=54 attempts/accepted=1/0 diag-corrector/select/commit=2/1/0 first-admissible=20 dp/dh=1.8714287331642688e-08/5.4073846735877291e-05 terminal=0/0/0/0/0 refinement=12/2 rollback=1
226:retry-observation loops=14,2 dt/outcome_bound=1
227-retry/control first status=0/0,0/0 attempts=2/1 origin=3/1 dt=0.0044999999999999997/0.0044999999999999997 same=1 terminal1=0/5.6994396657825053e-15/5.2306640959063825e-11/0/0 second same=1 bdf=2/2 terminal2=1.2580836701012501e-16/1.5225052333350336e-12/2.7310788077790582e-11/0/5.2384597744234758e-28
228-retry-exhaustion outcome=6/10210 stop=455 attempts=2
229-candidate-loop i=0 extrapolated_alpha=0 complete=0 selected_extrapolation=0 rejected=0 ladder=1 selected_alpha=1
230-candidate-loop i=1 extrapolated_alpha=0 complete=0 selected_extrapolation=0 rejected=0 ladder=1 selected_alpha=1
231-candidate-loop i=2 extrapolated_alpha=1.0001177869577977 complete=1 selected_extrapolation=1 rejected=0 ladder=0 selected_alpha=1.0001177869577977
