scalar_advance_failure species=0 uniform=0 dt=0.000125 step=0 status=6/454
SCALAR_CONTRACT family=passive uniform=0 dt=0.000125 ran=0 history=1 constant=1 bounded=1 eos=1 conservation=1 inventory_relative_defect=0 constant_error=0 eos_error=0
scalar_advance_failure species=0 uniform=0 dt=6.25e-05 step=0 status=6/454
SCALAR_CONTRACT family=passive uniform=0 dt=6.25e-05 ran=0 history=1 constant=1 bounded=1 eos=1 conservation=1 inventory_relative_defect=0 constant_error=0 eos_error=0
scalar_advance_failure species=0 uniform=0 dt=3.125e-05 step=0 status=6/454
SCALAR_CONTRACT family=passive uniform=0 dt=3.125e-05 ran=0 history=1 constant=1 bounded=1 eos=1 conservation=1 inventory_relative_defect=0 constant_error=0 eos_error=0
SCALAR_ORDER family=passive order=nan accepted=0
scalar_advance_failure species=0 uniform=1 dt=0.000125 step=0 status=6/454
SCALAR_CONTRACT family=passive uniform=1 dt=0.000125 ran=0 history=1 constant=1 bounded=1 eos=1 conservation=1 inventory_relative_defect=0 constant_error=0 eos_error=0
scalar_advance_failure species=0 uniform=1 dt=6.25e-05 step=0 status=6/454
SCALAR_CONTRACT family=passive uniform=1 dt=6.25e-05 ran=0 history=1 constant=1 bounded=1 eos=1 conservation=1 inventory_relative_defect=0 constant_error=0 eos_error=0
scalar_advance_failure species=0 uniform=1 dt=3.125e-05 step=0 status=6/454
SCALAR_CONTRACT family=passive uniform=1 dt=3.125e-05 ran=0 history=1 constant=1 bounded=1 eos=1 conservation=1 inventory_relative_defect=0 constant_error=0 eos_error=0
scalar_advance_failure species=1 uniform=0 dt=0.000125 step=0 status=6/454
SCALAR_CONTRACT family=EOS_species uniform=0 dt=0.000125 ran=0 history=1 constant=1 bounded=1 eos=1 conservation=1 inventory_relative_defect=0 constant_error=0 eos_error=0
scalar_advance_failure species=1 uniform=0 dt=6.25e-05 step=0 status=6/454
SCALAR_CONTRACT family=EOS_species uniform=0 dt=6.25e-05 ran=0 history=1 constant=1 bounded=1 eos=1 conservation=1 inventory_relative_defect=0 constant_error=0 eos_error=0
scalar_advance_failure species=1 uniform=0 dt=3.125e-05 step=0 status=6/454
SCALAR_CONTRACT family=EOS_species uniform=0 dt=3.125e-05 ran=0 history=1 constant=1 bounded=1 eos=1 conservation=1 inventory_relative_defect=0 constant_error=0 eos_error=0
SCALAR_ORDER family=EOS_species order=nan accepted=0
scalar_advance_failure species=1 uniform=1 dt=0.000125 step=0 status=6/454
SCALAR_CONTRACT family=EOS_species uniform=1 dt=0.000125 ran=0 history=1 constant=1 bounded=1 eos=1 conservation=1 inventory_relative_defect=0 constant_error=0 eos_error=0
scalar_advance_failure species=1 uniform=1 dt=6.25e-05 step=0 status=6/454
SCALAR_CONTRACT family=EOS_species uniform=1 dt=6.25e-05 ran=0 history=1 constant=1 bounded=1 eos=1 conservation=1 inventory_relative_defect=0 constant_error=0 eos_error=0
scalar_advance_failure species=1 uniform=1 dt=3.125e-05 step=0 status=6/454
SCALAR_CONTRACT family=EOS_species uniform=1 dt=3.125e-05 ran=0 history=1 constant=1 bounded=1 eos=1 conservation=1 inventory_relative_defect=0 constant_error=0 eos_error=0
STRICT_SCALAR_ACCEPTANCE FAIL production_correction_enabled=0
