{
  "service": "hundun-re3900-coupled-long-20260909.service",
  "service_state": "MainPID=151682\nActiveState=active\nSubState=running\n",
  "source_head": "83db41df2ec9c351c71e3aebe812509ddfd7262b",
  "source_step": 10510,
  "target_step": 35000,
  "run_root": "/home/wyf/code_dev/.benchmarks/hundun-piso-simple-product-20260903/trial-D0p02-zpi2-52/long-coupled-35000-20260909",
  "startup_verified": true,
  "long_run_complete": false,
  "health_step_range": [
    10511,
    10522
  ],
  "bdf2_steps": 12,
  "retries": 0,
  "terminal_maxima": {
    "eos": 0.0,
    "continuity": 2.8302423439211935e-07,
    "energy": 9.296890369296903e-07,
    "closed_mass": 0.0,
    "gauge": 0.0
  },
  "restart_anchor": {
    "kind": "restart",
    "previous_step": 10510,
    "previous_time": 0.14513166797853047,
    "restart_manifest_sha256": "26b46f940a8ffb451b3342821b1da2313ea0362c5c59924b736905c5f21b950f",
    "history": {
      "source_format_version": 3,
      "source_signature": 12213963202598979269,
      "target_signature": 12213963202598979269,
      "policy": "require_compatible"
    }
  },
  "observer_validated_steps": 13,
  "observer_issues": [
    "missing/truncated expected step 10524"
  ],
  "ranks": 128,
  "all_rank_executables_match_frozen": true,
  "ranks_rss_sum_kib": 27411772,
  "next_checkpoint_and_visit_step": 11000,
  "source_and_frozen_hashes_unchanged": true,
  "evidence_partial_tail_bytes_excluded": 0,
  "checksums": {
    "PILOT_ACCEPTED.json": "d3d18899452d081348cefd64ed9332ad6d4aea0fb8a7ce1c664d0518bd692512",
    "FROZEN.sha256": "80b80e9c96026a045a62dee496eea49c39146e50ab53fd1be5114dbdd3b439b5",
    "SOURCE-LONG.sha256": "548f0a0b984f3e5264e141a2bf03995797882f8e57e253b20c856535939111b8",
    "startup-observation.json": "75feafaddb761986fb9ed5a91af68e082d3373a2f39ae7e62b978f3ddf7f086a"
  },
  "limitations": [
    "Read-only asynchronous snapshot; CSV streams can stop on different steps.",
    "Raw evidence retained; only complete JSONL records submitted to runtime validator.",
    "RSS is a single process-sum snapshot, not leak or memory-trend acceptance."
  ]
}
