Restart/current: 成功
Restart/generation-10500-176021483306485/manifest.bin: 成功
Restart/generation-10500-176021483306485/rank-00000000.bin: 成功
Restart/generation-10500-176021483306485/rank-00000001.bin: 成功
Restart/generation-10500-176021483306485/rank-00000002.bin: 成功
Restart/generation-10500-176021483306485/rank-00000003.bin: 成功
Restart/generation-10500-176021483306485/rank-00000004.bin: 成功
Restart/generation-10500-176021483306485/rank-00000005.bin: 成功
Restart/generation-10500-176021483306485/rank-00000006.bin: 成功
Restart/generation-10500-176021483306485/rank-00000007.bin: 成功
Restart/generation-10500-176021483306485/rank-00000008.bin: 成功
Restart/generation-10500-176021483306485/rank-00000009.bin: 成功
Restart/generation-10500-176021483306485/rank-00000010.bin: 成功
Restart/generation-10500-176021483306485/rank-00000011.bin: 成功
Restart/generation-10500-176021483306485/rank-00000012.bin: 成功
Restart/generation-10500-176021483306485/rank-00000013.bin: 成功
Restart/generation-10500-176021483306485/rank-00000014.bin: 成功
Restart/generation-10500-176021483306485/rank-00000015.bin: 成功
Restart/generation-10500-176021483306485/rank-00000016.bin: 成功
Restart/generation-10500-176021483306485/rank-00000017.bin: 成功
Restart/generation-10500-176021483306485/rank-00000018.bin: 成功
Restart/generation-10500-176021483306485/rank-00000019.bin: 成功
Restart/generation-10500-176021483306485/rank-00000020.bin: 成功
Restart/generation-10500-176021483306485/rank-00000021.bin: 成功
Restart/generation-10500-176021483306485/rank-00000022.bin: 成功
Restart/generation-10500-176021483306485/rank-00000023.bin: 成功
Restart/generation-10500-176021483306485/rank-00000024.bin: 成功
Restart/generation-10500-176021483306485/rank-00000025.bin: 成功
Restart/generation-10500-176021483306485/rank-00000026.bin: 成功
Restart/generation-10500-176021483306485/rank-00000027.bin: 成功
Restart/generation-10500-176021483306485/rank-00000028.bin: 成功
Restart/generation-10500-176021483306485/rank-00000029.bin: 成功
Restart/generation-10500-176021483306485/rank-00000030.bin: 成功
Restart/generation-10500-176021483306485/rank-00000031.bin: 成功
Restart/generation-10500-176021483306485/rank-00000032.bin: 成功
Restart/generation-10500-176021483306485/rank-00000033.bin: 成功
Restart/generation-10500-176021483306485/rank-00000034.bin: 成功
Restart/generation-10500-176021483306485/rank-00000035.bin: 成功
Restart/generation-10500-176021483306485/rank-00000036.bin: 成功
Restart/generation-10500-176021483306485/rank-00000037.bin: 成功
Restart/generation-10500-176021483306485/rank-00000038.bin: 成功
Restart/generation-10500-176021483306485/rank-00000039.bin: 成功
Restart/generation-10500-176021483306485/rank-00000040.bin: 成功
Restart/generation-10500-176021483306485/rank-00000041.bin: 成功
Restart/generation-10500-176021483306485/rank-00000042.bin: 成功
Restart/generation-10500-176021483306485/rank-00000043.bin: 成功
Restart/generation-10500-176021483306485/rank-00000044.bin: 成功
Restart/generation-10500-176021483306485/rank-00000045.bin: 成功
Restart/generation-10500-176021483306485/rank-00000046.bin: 成功
Restart/generation-10500-176021483306485/rank-00000047.bin: 成功
Restart/generation-10500-176021483306485/rank-00000048.bin: 成功
Restart/generation-10500-176021483306485/rank-00000049.bin: 成功
Restart/generation-10500-176021483306485/rank-00000050.bin: 成功
Restart/generation-10500-176021483306485/rank-00000051.bin: 成功
Restart/generation-10500-176021483306485/rank-00000052.bin: 成功
Restart/generation-10500-176021483306485/rank-00000053.bin: 成功
Restart/generation-10500-176021483306485/rank-00000054.bin: 成功
Restart/generation-10500-176021483306485/rank-00000055.bin: 成功
Restart/generation-10500-176021483306485/rank-00000056.bin: 成功
Restart/generation-10500-176021483306485/rank-00000057.bin: 成功
Restart/generation-10500-176021483306485/rank-00000058.bin: 成功
Restart/generation-10500-176021483306485/rank-00000059.bin: 成功
Restart/generation-10500-176021483306485/rank-00000060.bin: 成功
Restart/generation-10500-176021483306485/rank-00000061.bin: 成功
Restart/generation-10500-176021483306485/rank-00000062.bin: 成功
Restart/generation-10500-176021483306485/rank-00000063.bin: 成功
Restart/generation-10500-176021483306485/rank-00000064.bin: 成功
Restart/generation-10500-176021483306485/rank-00000065.bin: 成功
Restart/generation-10500-176021483306485/rank-00000066.bin: 成功
Restart/generation-10500-176021483306485/rank-00000067.bin: 成功
Restart/generation-10500-176021483306485/rank-00000068.bin: 成功
Restart/generation-10500-176021483306485/rank-00000069.bin: 成功
Restart/generation-10500-176021483306485/rank-00000070.bin: 成功
Restart/generation-10500-176021483306485/rank-00000071.bin: 成功
Restart/generation-10500-176021483306485/rank-00000072.bin: 成功
Restart/generation-10500-176021483306485/rank-00000073.bin: 成功
Restart/generation-10500-176021483306485/rank-00000074.bin: 成功
Restart/generation-10500-176021483306485/rank-00000075.bin: 成功
Restart/generation-10500-176021483306485/rank-00000076.bin: 成功
Restart/generation-10500-176021483306485/rank-00000077.bin: 成功
Restart/generation-10500-176021483306485/rank-00000078.bin: 成功
Restart/generation-10500-176021483306485/rank-00000079.bin: 成功
Restart/generation-10500-176021483306485/rank-00000080.bin: 成功
Restart/generation-10500-176021483306485/rank-00000081.bin: 成功
Restart/generation-10500-176021483306485/rank-00000082.bin: 成功
Restart/generation-10500-176021483306485/rank-00000083.bin: 成功
Restart/generation-10500-176021483306485/rank-00000084.bin: 成功
Restart/generation-10500-176021483306485/rank-00000085.bin: 成功
Restart/generation-10500-176021483306485/rank-00000086.bin: 成功
Restart/generation-10500-176021483306485/rank-00000087.bin: 成功
Restart/generation-10500-176021483306485/rank-00000088.bin: 成功
Restart/generation-10500-176021483306485/rank-00000089.bin: 成功
Restart/generation-10500-176021483306485/rank-00000090.bin: 成功
Restart/generation-10500-176021483306485/rank-00000091.bin: 成功
Restart/generation-10500-176021483306485/rank-00000092.bin: 成功
Restart/generation-10500-176021483306485/rank-00000093.bin: 成功
Restart/generation-10500-176021483306485/rank-00000094.bin: 成功
Restart/generation-10500-176021483306485/rank-00000095.bin: 成功
Restart/generation-10500-176021483306485/rank-00000096.bin: 成功
Restart/generation-10500-176021483306485/rank-00000097.bin: 成功
Restart/generation-10500-176021483306485/rank-00000098.bin: 成功
Restart/generation-10500-176021483306485/rank-00000099.bin: 成功
Restart/generation-10500-176021483306485/rank-00000100.bin: 成功
Restart/generation-10500-176021483306485/rank-00000101.bin: 成功
Restart/generation-10500-176021483306485/rank-00000102.bin: 成功
Restart/generation-10500-176021483306485/rank-00000103.bin: 成功
Restart/generation-10500-176021483306485/rank-00000104.bin: 成功
Restart/generation-10500-176021483306485/rank-00000105.bin: 成功
Restart/generation-10500-176021483306485/rank-00000106.bin: 成功
Restart/generation-10500-176021483306485/rank-00000107.bin: 成功
Restart/generation-10500-176021483306485/rank-00000108.bin: 成功
Restart/generation-10500-176021483306485/rank-00000109.bin: 成功
Restart/generation-10500-176021483306485/rank-00000110.bin: 成功
Restart/generation-10500-176021483306485/rank-00000111.bin: 成功
Restart/generation-10500-176021483306485/rank-00000112.bin: 成功
Restart/generation-10500-176021483306485/rank-00000113.bin: 成功
Restart/generation-10500-176021483306485/rank-00000114.bin: 成功
Restart/generation-10500-176021483306485/rank-00000115.bin: 成功
Restart/generation-10500-176021483306485/rank-00000116.bin: 成功
Restart/generation-10500-176021483306485/rank-00000117.bin: 成功
Restart/generation-10500-176021483306485/rank-00000118.bin: 成功
Restart/generation-10500-176021483306485/rank-00000119.bin: 成功
Restart/generation-10500-176021483306485/rank-00000120.bin: 成功
Restart/generation-10500-176021483306485/rank-00000121.bin: 成功
Restart/generation-10500-176021483306485/rank-00000122.bin: 成功
Restart/generation-10500-176021483306485/rank-00000123.bin: 成功
Restart/generation-10500-176021483306485/rank-00000124.bin: 成功
Restart/generation-10500-176021483306485/rank-00000125.bin: 成功
Restart/generation-10500-176021483306485/rank-00000126.bin: 成功
Restart/generation-10500-176021483306485/rank-00000127.bin: 成功
step-00000000000000010500.accumulator: 成功
step-00000000000000010500.complete: 成功
step-00000000000000010500.statistics.json: 成功
